Archive member included to satisfy reference by file (symbol)

.build/obj_connect48_via_split/serial_protocol.a(serial_protocol.o)
                              .build/obj_connect48_via_split/quantum/split_common/transport.o (symbol from plugin) (soft_serial_target_init)
.build/obj_connect48_via_split/serial_vendor.a(serial_vendor.o)
                              .build/obj_connect48_via_split/serial_protocol.a(serial_protocol.o) (serial_transport_driver_clear)
c:/qmk_msys/mingw64/bin/../lib/gcc/arm-none-eabi/12.2.0/thumb/v6-m/nofp\libgcc.a(_fixunssfsi.o)
                              .build/obj_connect48_via_split/serial_vendor.a(serial_vendor.o) (__aeabi_f2uiz)
c:/qmk_msys/mingw64/bin/../lib/gcc/arm-none-eabi/12.2.0/thumb/v6-m/nofp\libgcc.a(divsf3.o)
                              .build/obj_connect48_via_split/serial_vendor.a(serial_vendor.o) (__aeabi_fdiv)
c:/qmk_msys/mingw64/bin/../lib/gcc/arm-none-eabi/12.2.0/thumb/v6-m/nofp\libgcc.a(mulsf3.o)
                              .build/obj_connect48_via_split/serial_vendor.a(serial_vendor.o) (__aeabi_fmul)
c:/qmk_msys/mingw64/bin/../lib/gcc/arm-none-eabi/12.2.0/thumb/v6-m/nofp\libgcc.a(subsf3.o)
                              .build/obj_connect48_via_split/serial_vendor.a(serial_vendor.o) (__aeabi_fsub)
c:/qmk_msys/mingw64/bin/../lib/gcc/arm-none-eabi/12.2.0/thumb/v6-m/nofp\libgcc.a(fixsfsi.o)
                              c:/qmk_msys/mingw64/bin/../lib/gcc/arm-none-eabi/12.2.0/thumb/v6-m/nofp\libgcc.a(_fixunssfsi.o) (__aeabi_f2iz)
c:/qmk_msys/mingw64/bin/../lib/gcc/arm-none-eabi/12.2.0/thumb/v6-m/nofp\libgcc.a(floatunsisf.o)
                              .build/obj_connect48_via_split/serial_vendor.a(serial_vendor.o) (__aeabi_ui2f)
c:/qmk_msys/mingw64/bin/../lib/gcc/arm-none-eabi/12.2.0/thumb/v6-m/nofp\libgcc.a(_thumb1_case_uqi.o)
                              c:/qmk_msys/mingw64/bin/../lib/gcc/arm-none-eabi/12.2.0/thumb/v6-m/nofp\libgcc.a(divsf3.o) (__gnu_thumb1_case_uqi)
c:/qmk_msys/mingw64/bin/../lib/gcc/arm-none-eabi/12.2.0/thumb/v6-m/nofp\libgcc.a(_arm_cmpsf2.o)
                              c:/qmk_msys/mingw64/bin/../lib/gcc/arm-none-eabi/12.2.0/thumb/v6-m/nofp\libgcc.a(_fixunssfsi.o) (__aeabi_fcmpge)
c:/qmk_msys/mingw64/bin/../lib/gcc/arm-none-eabi/12.2.0/thumb/v6-m/nofp\libgcc.a(_clzsi2.o)
                              c:/qmk_msys/mingw64/bin/../lib/gcc/arm-none-eabi/12.2.0/thumb/v6-m/nofp\libgcc.a(divsf3.o) (__clzsi2)
c:/qmk_msys/mingw64/bin/../lib/gcc/arm-none-eabi/12.2.0/thumb/v6-m/nofp\libgcc.a(eqsf2.o)
                              c:/qmk_msys/mingw64/bin/../lib/gcc/arm-none-eabi/12.2.0/thumb/v6-m/nofp\libgcc.a(_arm_cmpsf2.o) (__eqsf2)
c:/qmk_msys/mingw64/bin/../lib/gcc/arm-none-eabi/12.2.0/thumb/v6-m/nofp\libgcc.a(gesf2.o)
                              c:/qmk_msys/mingw64/bin/../lib/gcc/arm-none-eabi/12.2.0/thumb/v6-m/nofp\libgcc.a(_arm_cmpsf2.o) (__gesf2)
c:/qmk_msys/mingw64/bin/../lib/gcc/arm-none-eabi/12.2.0/thumb/v6-m/nofp\libgcc.a(lesf2.o)
                              c:/qmk_msys/mingw64/bin/../lib/gcc/arm-none-eabi/12.2.0/thumb/v6-m/nofp\libgcc.a(_arm_cmpsf2.o) (__lesf2)
c:/qmk_msys/mingw64/bin/../lib/gcc/arm-none-eabi/12.2.0/../../../../arm-none-eabi/lib/thumb/v6-m/nofp\libg_nano.a(lib_a-ctype_.o)
                              .build/obj_connect48_via_split/quantum/send_string/send_string.o (symbol from plugin) (_ctype_)
c:/qmk_msys/mingw64/bin/../lib/gcc/arm-none-eabi/12.2.0/../../../../arm-none-eabi/lib/thumb/v6-m/nofp\libg_nano.a(lib_a-errno.o)
                              .build/obj_connect48/platforms/chibios/syscall-fallbacks.o (symbol from plugin) (__errno)
c:/qmk_msys/mingw64/bin/../lib/gcc/arm-none-eabi/12.2.0/../../../../arm-none-eabi/lib/thumb/v6-m/nofp\libg_nano.a(lib_a-impure.o)
                              c:/qmk_msys/mingw64/bin/../lib/gcc/arm-none-eabi/12.2.0/../../../../arm-none-eabi/lib/thumb/v6-m/nofp\libg_nano.a(lib_a-errno.o) (_impure_ptr)
c:/qmk_msys/mingw64/bin/../lib/gcc/arm-none-eabi/12.2.0/../../../../arm-none-eabi/lib/thumb/v6-m/nofp\libg_nano.a(lib_a-memcpy-stub.o)
                              .build/obj_connect48_via_split/serial_vendor.a(serial_vendor.o) (memcpy)
c:/qmk_msys/mingw64/bin/../lib/gcc/arm-none-eabi/12.2.0/../../../../arm-none-eabi/lib/thumb/v6-m/nofp\libg_nano.a(lib_a-rand.o)
                              .build/obj_connect48_via_split/quantum/send_string/send_string.o (symbol from plugin) (rand)
c:/qmk_msys/mingw64/bin/../lib/gcc/arm-none-eabi/12.2.0/../../../../arm-none-eabi/lib/thumb/v6-m/nofp\libg_nano.a(lib_a-assert.o)
                              c:/qmk_msys/mingw64/bin/../lib/gcc/arm-none-eabi/12.2.0/../../../../arm-none-eabi/lib/thumb/v6-m/nofp\libg_nano.a(lib_a-rand.o) (__assert_func)
c:/qmk_msys/mingw64/bin/../lib/gcc/arm-none-eabi/12.2.0/../../../../arm-none-eabi/lib/thumb/v6-m/nofp\libg_nano.a(lib_a-fprintf.o)
                              c:/qmk_msys/mingw64/bin/../lib/gcc/arm-none-eabi/12.2.0/../../../../arm-none-eabi/lib/thumb/v6-m/nofp\libg_nano.a(lib_a-assert.o) (fiprintf)
[...]
Memory Configuration

Name             Origin             Length             Attributes
flash0           0x0000000000000000 0x0000000000004000 xr
flash1           0x0000000010000000 0x0000000000200000 xr
flash2           0x0000000000000000 0x0000000000000000 xr
flash3           0x0000000000000000 0x0000000000000000 xr
flash4           0x0000000000000000 0x0000000000000000 xr
flash5           0x0000000000000000 0x0000000000000000 xr
flash6           0x0000000000000000 0x0000000000000000 xr
flash7           0x0000000000000000 0x0000000000000000 xr
ram0             0x0000000020000000 0x0000000000040000 xw
ram1             0x0000000000000000 0x0000000000040000 xw
ram2             0x0000000000000000 0x0000000000000000 xw
ram3             0x0000000000000000 0x0000000000000000 xw
ram4             0x0000000020040000 0x0000000000001000 xw
ram5             0x0000000020041000 0x0000000000001000 xw
ram6             0x0000000000000000 0x0000000000000000 xw
ram7             0x0000000020041f00 0x0000000000000100 xw
*default*        0x0000000000000000 0xffffffffffffffff

Linker script and memory map

LOAD .build/obj_connect48_via_split/.build/obj_connect48/src/default_keyboard.o
LOAD C:\QMK_MSYS\tmp\ccDHi9pR.ltrans0.ltrans.o
LOAD C:\QMK_MSYS\tmp\ccXCC4aC.debug.temp.o
LOAD C:\QMK_MSYS\tmp\ccEzERMF.debug.temp.o
LOAD C:\QMK_MSYS\tmp\ccDDN0jI.debug.temp.o
LOAD C:\QMK_MSYS\tmp\cc85KVNK.debug.temp.o
LOAD C:\QMK_MSYS\tmp\ccZLLFnN.debug.temp.o
LOAD C:\QMK_MSYS\tmp\cc8yhe3P.debug.temp.o
LOAD C:\QMK_MSYS\tmp\ccxQSnFS.debug.temp.o
LOAD C:\QMK_MSYS\tmp\ccCRkGnV.debug.temp.o
LOAD C:\QMK_MSYS\tmp\ccRjIUbY.debug.temp.o
LOAD C:\QMK_MSYS\tmp\ccgFV8W0.debug.temp.o
LOAD C:\QMK_MSYS\tmp\ccbnqoN3.debug.temp.o
LOAD C:\QMK_MSYS\tmp\ccKJrvJ6.debug.temp.o
LOAD C:\QMK_MSYS\tmp\ccXcq4K9.debug.temp.o
LOAD C:\QMK_MSYS\tmp\ccG6fGJc.debug.temp.o
LOAD C:\QMK_MSYS\tmp\ccVubXDe.debug.temp.o
LOAD C:\QMK_MSYS\tmp\ccqvUrEg.debug.temp.o
LOAD C:\QMK_MSYS\tmp\cczA1ABi.debug.temp.o
LOAD C:\QMK_MSYS\tmp\ccg9MjEk.debug.temp.o
LOAD C:\QMK_MSYS\tmp\cc7AUyMm.debug.temp.o
LOAD C:\QMK_MSYS\tmp\ccgaxC0o.debug.temp.o
LOAD C:\QMK_MSYS\tmp\cclL31jr.debug.temp.o
LOAD C:\QMK_MSYS\tmp\ccIptbAt.debug.temp.o
LOAD C:\QMK_MSYS\tmp\ccNyz0Tv.debug.temp.o
LOAD C:\QMK_MSYS\tmp\cced2Vfx.debug.temp.o
LOAD C:\QMK_MSYS\tmp\cclV3Xxy.debug.temp.o
LOAD C:\QMK_MSYS\tmp\ccgtTkVz.debug.temp.o
LOAD C:\QMK_MSYS\tmp\ccloy5nB.debug.temp.o
LOAD C:\QMK_MSYS\tmp\ccq1hTWC.debug.temp.o
LOAD C:\QMK_MSYS\tmp\cc7dehBE.debug.temp.o
LOAD C:\QMK_MSYS\tmp\ccGMnNbG.debug.temp.o
LOAD C:\QMK_MSYS\tmp\ccRqg2RH.debug.temp.o
LOAD C:\QMK_MSYS\tmp\cci7jODJ.debug.temp.o
LOAD C:\QMK_MSYS\tmp\cctxDUuL.debug.temp.o
LOAD C:\QMK_MSYS\tmp\ccoJJ5iN.debug.temp.o
LOAD C:\QMK_MSYS\tmp\ccFc90IS.debug.temp.o
LOAD C:\QMK_MSYS\tmp\ccM6cHeY.debug.temp.o
LOAD C:\QMK_MSYS\tmp\cc1Kc4O3.debug.temp.o
LOAD C:\QMK_MSYS\tmp\ccaWocv9.debug.temp.o
LOAD C:\QMK_MSYS\tmp\ccvt5D7e.debug.temp.o
LOAD C:\QMK_MSYS\tmp\cccGfvPk.debug.temp.o
LOAD C:\QMK_MSYS\tmp\ccdZ5CCq.debug.temp.o
LOAD C:\QMK_MSYS\tmp\ccOgiVuw.debug.temp.o
LOAD C:\QMK_MSYS\tmp\ccrLgRsC.debug.temp.o
LOAD C:\QMK_MSYS\tmp\ccgCnHtH.debug.temp.o
LOAD C:\QMK_MSYS\tmp\cc9EV6qM.debug.temp.o
LOAD C:\QMK_MSYS\tmp\ccOsdQxR.debug.temp.o
LOAD C:\QMK_MSYS\tmp\cc9RjJYV.debug.temp.o
LOAD C:\QMK_MSYS\tmp\ccuPfiu0.debug.temp.o
LOAD C:\QMK_MSYS\tmp\ccJLiGW4.debug.temp.o
LOAD C:\QMK_MSYS\tmp\ccGutdv9.debug.temp.o
LOAD C:\QMK_MSYS\tmp\ccXnU20d.debug.temp.o
LOAD C:\QMK_MSYS\tmp\ccAqi9Bi.debug.temp.o
LOAD C:\QMK_MSYS\tmp\ccnSyUin.debug.temp.o
LOAD C:\QMK_MSYS\tmp\cc2Fyk4r.debug.temp.o
LOAD C:\QMK_MSYS\tmp\ccj3mSKv.debug.temp.o
LOAD C:\QMK_MSYS\tmp\cc6YuPtz.debug.temp.o
LOAD C:\QMK_MSYS\tmp\ccbO2VkD.debug.temp.o
LOAD C:\QMK_MSYS\tmp\ccKoxapH.debug.temp.o
LOAD C:\QMK_MSYS\tmp\ccVs59xL.debug.temp.o
LOAD C:\QMK_MSYS\tmp\ccccfzLP.debug.temp.o
LOAD C:\QMK_MSYS\tmp\ccP6SZVT.debug.temp.o
LOAD C:\QMK_MSYS\tmp\cceYsvI1.debug.temp.o
LOAD C:\QMK_MSYS\tmp\ccjvNBA9.debug.temp.o
LOAD C:\QMK_MSYS\tmp\ccCpmhxh.debug.temp.o
LOAD C:\QMK_MSYS\tmp\ccfYE6qp.debug.temp.o
LOAD C:\QMK_MSYS\tmp\ccYlOIqx.debug.temp.o
LOAD C:\QMK_MSYS\tmp\ccXjIhwF.debug.temp.o
LOAD C:\QMK_MSYS\tmp\cc0ZzyyN.debug.temp.o
LOAD C:\QMK_MSYS\tmp\ccf0ooFV.debug.temp.o
LOAD C:\QMK_MSYS\tmp\ccyOQhS3.debug.temp.o
LOAD C:\QMK_MSYS\tmp\cc5Vqc9b.debug.temp.o
LOAD C:\QMK_MSYS\tmp\ccIkU1kj.debug.temp.o
LOAD C:\QMK_MSYS\tmp\ccxdANCq.debug.temp.o
LOAD C:\QMK_MSYS\tmp\ccW2ysZx.debug.temp.o
LOAD C:\QMK_MSYS\tmp\ccJAM0iF.debug.temp.o
LOAD C:\QMK_MSYS\tmp\ccqVkgGM.debug.temp.o
LOAD C:\QMK_MSYS\tmp\ccDGg58T.debug.temp.o
LOAD C:\QMK_MSYS\tmp\cccnOfF1.debug.temp.o
LOAD C:\QMK_MSYS\tmp\ccXVSog9.debug.temp.o
LOAD C:\QMK_MSYS\tmp\cc8fZXWg.debug.temp.o
LOAD C:\QMK_MSYS\tmp\ccJlJuyn.debug.temp.o
LOAD C:\QMK_MSYS\tmp\cc0AHtfu.debug.temp.o
LOAD C:\QMK_MSYS\tmp\cc7AyH0A.debug.temp.o
LOAD C:\QMK_MSYS\tmp\ccO5heRH.debug.temp.o
LOAD C:\QMK_MSYS\tmp\cc5uLQDO.debug.temp.o
LOAD C:\QMK_MSYS\tmp\ccMhc7AV.debug.temp.o
LOAD C:\QMK_MSYS\tmp\cczPnCD2.debug.temp.o
LOAD C:\QMK_MSYS\tmp\ccMC4oL9.debug.temp.o
LOAD C:\QMK_MSYS\tmp\ccb0IuPf.debug.temp.o
LOAD C:\QMK_MSYS\tmp\ccETAdem.debug.temp.o
LOAD C:\QMK_MSYS\tmp\ccX908Hs.debug.temp.o
LOAD C:\QMK_MSYS\tmp\cckCSD8y.debug.temp.o
LOAD C:\QMK_MSYS\tmp\ccTsNfEF.debug.temp.o
LOAD C:\QMK_MSYS\tmp\ccExcvRP.debug.temp.o
LOAD C:\QMK_MSYS\tmp\cchwoi1Z.debug.temp.o
LOAD C:\QMK_MSYS\tmp\cckObVga.debug.temp.o
LOAD C:\QMK_MSYS\tmp\ccz2B4Bk.debug.temp.o
LOAD C:\QMK_MSYS\tmp\cca2Es3u.debug.temp.o
LOAD C:\QMK_MSYS\tmp\cc5bY8rF.debug.temp.o
LOAD C:\QMK_MSYS\tmp\ccoEEVWP.debug.temp.o
LOAD C:\QMK_MSYS\tmp\ccDcP5o0.debug.temp.o
LOAD C:\QMK_MSYS\tmp\cc0GdBXa.debug.temp.o
LOAD C:\QMK_MSYS\tmp\cc3E42zl.debug.temp.o
LOAD C:\QMK_MSYS\tmp\ccgwTy7u.debug.temp.o
LOAD C:\QMK_MSYS\tmp\ccfKR5KE.debug.temp.o
LOAD C:\QMK_MSYS\tmp\ccslyFkO.debug.temp.o
LOAD C:\QMK_MSYS\tmp\cctGTKYX.debug.temp.o
LOAD C:\QMK_MSYS\tmp\ccI4eVI7.debug.temp.o
LOAD C:\QMK_MSYS\tmp\ccT00zyh.debug.temp.o
LOAD C:\QMK_MSYS\tmp\ccqcTkur.debug.temp.o
LOAD C:\QMK_MSYS\tmp\ccF6ganB.debug.temp.o
LOAD C:\QMK_MSYS\tmp\cciLsGlL.debug.temp.o
LOAD C:\QMK_MSYS\tmp\cclfMaqV.debug.temp.o
LOAD C:\QMK_MSYS\tmp\cckfXlr5.debug.temp.o
LOAD C:\QMK_MSYS\tmp\ccuiVNg7.debug.temp.o
LOAD C:\QMK_MSYS\tmp\ccQfXY28.debug.temp.o
LOAD C:\QMK_MSYS\tmp\ccKed9Ua.debug.temp.o
LOAD C:\QMK_MSYS\tmp\ccmWuUSc.debug.temp.o
LOAD C:\QMK_MSYS\tmp\ccKSd4Me.debug.temp.o
LOAD C:\QMK_MSYS\tmp\ccUDwPMg.debug.temp.o
LOAD C:\QMK_MSYS\tmp\ccAnMzSi.debug.temp.o
LOAD C:\QMK_MSYS\tmp\ccW60o2k.debug.temp.o
LOAD C:\QMK_MSYS\tmp\cc6bAHhn.debug.temp.o
LOAD C:\QMK_MSYS\tmp\cc0Yl3Bp.debug.temp.o
LOAD C:\QMK_MSYS\tmp\ccm2sXQq.debug.temp.o
LOAD C:\QMK_MSYS\tmp\ccAXj81r.debug.temp.o
LOAD C:\QMK_MSYS\tmp\ccYLwPit.debug.temp.o
LOAD C:\QMK_MSYS\tmp\cceu2AEu.debug.temp.o
LOAD C:\QMK_MSYS\tmp\ccUXzM5v.debug.temp.o
LOAD C:\QMK_MSYS\tmp\cca05OCx.debug.temp.o
LOAD C:\QMK_MSYS\tmp\ccAXu86y.debug.temp.o
LOAD C:\QMK_MSYS\tmp\cc0CYuHA.debug.temp.o
LOAD C:\QMK_MSYS\tmp\cccFBSnC.debug.temp.o
LOAD C:\QMK_MSYS\tmp\ccKWIGcD.debug.temp.o
LOAD C:\QMK_MSYS\tmp\ccEZ8mvD.debug.temp.o
LOAD C:\QMK_MSYS\tmp\ccCIZ0SD.debug.temp.o
LOAD C:\QMK_MSYS\tmp\cc2NIumE.debug.temp.o
LOAD C:\QMK_MSYS\tmp\ccMxHEVE.debug.temp.o
LOAD C:\QMK_MSYS\tmp\ccMhiyrF.debug.temp.o
LOAD C:\QMK_MSYS\tmp\ccwnY6yJ.debug.temp.o
LOAD C:\QMK_MSYS\tmp\ccIj0mMN.debug.temp.o
LOAD C:\QMK_MSYS\tmp\ccCY3d5R.debug.temp.o
LOAD C:\QMK_MSYS\tmp\ccCSPEkW.debug.temp.o
LOAD C:\QMK_MSYS\tmp\cc2zGMF0.debug.temp.o
LOAD C:\QMK_MSYS\tmp\cc8Whv64.debug.temp.o
LOAD C:\QMK_MSYS\tmp\cccXDZC9.debug.temp.o
LOAD C:\QMK_MSYS\tmp\ccQrmg6d.debug.temp.o
LOAD C:\QMK_MSYS\tmp\ccei0OFi.debug.temp.o
LOAD C:\QMK_MSYS\tmp\ccIZxrln.debug.temp.o
LOAD C:\QMK_MSYS\tmp\cceUlbYr.debug.temp.o
LOAD .build/obj_connect48_via_split/quantum/keymap_introspection.o
LOAD .build/obj_connect48_via_split/quantum/quantum.o
LOAD .build/obj_connect48_via_split/quantum/bitwise.o
LOAD .build/obj_connect48_via_split/quantum/led.o
LOAD .build/obj_connect48_via_split/quantum/action.o
LOAD .build/obj_connect48_via_split/quantum/action_layer.o
LOAD .build/obj_connect48_via_split/quantum/action_tapping.o
LOAD .build/obj_connect48_via_split/quantum/action_util.o
LOAD .build/obj_connect48_via_split/quantum/eeconfig.o
LOAD .build/obj_connect48_via_split/quantum/keyboard.o
LOAD .build/obj_connect48_via_split/quantum/keymap_common.o
LOAD .build/obj_connect48_via_split/quantum/keycode_config.o
LOAD .build/obj_connect48_via_split/quantum/sync_timer.o
LOAD .build/obj_connect48_via_split/quantum/logging/debug.o
LOAD .build/obj_connect48_via_split/quantum/logging/sendchar.o
LOAD .build/obj_connect48_via_split/quantum/logging/print.o
LOAD .build/obj_connect48_via_split/quantum/bootmagic/bootmagic_lite.o
LOAD .build/obj_connect48_via_split/quantum/bootmagic/magic.o
LOAD .build/obj_connect48_via_split/quantum/matrix_common.o
LOAD .build/obj_connect48_via_split/quantum/matrix.o
LOAD .build/obj_connect48_via_split/quantum/debounce/sym_defer_g.o
LOAD .build/obj_connect48_via_split/quantum/split_common/split_util.o
LOAD .build/obj_connect48_via_split/quantum/split_common/transport.o
LOAD .build/obj_connect48_via_split/quantum/split_common/transactions.o
LOAD .build/obj_connect48_via_split/quantum/main.o
LOAD .build/obj_connect48_via_split/printf.o
LOAD .build/obj_connect48_via_split/quantum/mousekey.o
LOAD .build/obj_connect48_via_split/eeprom_driver.o
LOAD .build/obj_connect48_via_split/eeprom_wear_leveling.o
LOAD .build/obj_connect48_via_split/wear_leveling.o
LOAD .build/obj_connect48_via_split/wear_leveling_rp2040_flash.o
LOAD .build/obj_connect48_via_split/quantum/via.o
LOAD .build/obj_connect48_via_split/crc.o
LOAD .build/obj_connect48_via_split/qmk_fnv_type_validation.o
LOAD .build/obj_connect48_via_split/hash_32a.o
LOAD .build/obj_connect48_via_split/hash_64a.o
LOAD .build/obj_connect48_via_split/quantum/process_keycode/process_magic.o
LOAD .build/obj_connect48_via_split/quantum/send_string/send_string.o
LOAD .build/obj_connect48_via_split/quantum/dynamic_keymap.o
LOAD .build/obj_connect48_via_split/quantum/process_keycode/process_grave_esc.o
LOAD .build/obj_connect48_via_split/quantum/process_keycode/process_space_cadet.o
LOAD .build/obj_connect48_via_split/serial_protocol.a
LOAD .build/obj_connect48_via_split/serial_vendor.a
LOAD .build/obj_connect48_via_split/./lib/chibios/os/common/startup/ARMCMx/compilers/GCC/crt0_v6m.o
LOAD .build/obj_connect48_via_split/./lib/chibios/os/common/startup/ARMCMx/compilers/GCC/vectors.o
LOAD .build/obj_connect48_via_split/./lib/chibios/os/common/ports/ARMv6-M-RP2/compilers/GCC/chcoreasm.o
LOAD .build/obj_connect48_via_split/protocol/host.o
LOAD .build/obj_connect48_via_split/protocol/report.o
LOAD .build/obj_connect48_via_split/protocol/usb_device_state.o
LOAD .build/obj_connect48_via_split/protocol/usb_util.o
LOAD .build/obj_connect48_via_split/platforms/suspend.o
LOAD .build/obj_connect48_via_split/platforms/chibios/hardware_id.o
LOAD .build/obj_connect48_via_split/platforms/chibios/platform.o
LOAD .build/obj_connect48_via_split/platforms/chibios/suspend.o
LOAD .build/obj_connect48_via_split/platforms/chibios/timer.o
LOAD .build/obj_connect48_via_split/platforms/chibios/bootloaders/rp2040.o
LOAD .build/obj_connect48_via_split/protocol/chibios/usb_main.o
LOAD .build/obj_connect48_via_split/protocol/chibios/chibios.o
LOAD .build/obj_connect48_via_split/usb_descriptor.o
LOAD .build/obj_connect48_via_split/protocol/chibios/usb_driver.o
LOAD .build/obj_connect48_via_split/protocol/chibios/usb_util.o
LOAD .build/obj_connect48_via_split/./lib/chibios/os/oslib/src/chmboxes.o
LOAD .build/obj_connect48_via_split/./lib/chibios/os/oslib/src/chmemcore.o
LOAD .build/obj_connect48_via_split/./lib/chibios/os/oslib/src/chmemheaps.o
LOAD .build/obj_connect48_via_split/./lib/chibios/os/oslib/src/chmempools.o
LOAD .build/obj_connect48_via_split/./lib/chibios/os/oslib/src/chpipes.o
LOAD .build/obj_connect48_via_split/./lib/chibios/os/oslib/src/chobjcaches.o
LOAD .build/obj_connect48_via_split/./lib/chibios/os/oslib/src/chdelegates.o
LOAD .build/obj_connect48_via_split/./lib/chibios/os/oslib/src/chfactory.o
LOAD .build/obj_connect48/lib/chibios/os/common/startup/ARMCMx/compilers/GCC/crt1.o
LOAD .build/obj_connect48/lib/chibios/os/rt/src/chsys.o
LOAD .build/obj_connect48/lib/chibios/os/rt/src/chrfcu.o
LOAD .build/obj_connect48/lib/chibios/os/rt/src/chdebug.o
LOAD .build/obj_connect48/lib/chibios/os/rt/src/chtrace.o
LOAD .build/obj_connect48/lib/chibios/os/rt/src/chvt.o
LOAD .build/obj_connect48/lib/chibios/os/rt/src/chschd.o
LOAD .build/obj_connect48/lib/chibios/os/rt/src/chinstances.o
LOAD .build/obj_connect48/lib/chibios/os/rt/src/chthreads.o
LOAD .build/obj_connect48/lib/chibios/os/rt/src/chtm.o
LOAD .build/obj_connect48/lib/chibios/os/rt/src/chstats.o
LOAD .build/obj_connect48/lib/chibios/os/rt/src/chregistry.o
LOAD .build/obj_connect48/lib/chibios/os/rt/src/chsem.o
LOAD .build/obj_connect48/lib/chibios/os/rt/src/chmtx.o
LOAD .build/obj_connect48/lib/chibios/os/rt/src/chcond.o
LOAD .build/obj_connect48/lib/chibios/os/rt/src/chevents.o
LOAD .build/obj_connect48/lib/chibios/os/rt/src/chmsg.o
LOAD .build/obj_connect48/lib/chibios/os/rt/src/chdynamic.o
LOAD .build/obj_connect48/lib/chibios/os/common/ports/ARMv6-M-RP2/chcore.o
LOAD .build/obj_connect48/lib/chibios/os/hal/osal/rt-nil/osal.o
LOAD .build/obj_connect48/lib/chibios/os/hal/src/hal.o
LOAD .build/obj_connect48/lib/chibios/os/hal/src/hal_st.o
LOAD .build/obj_connect48/lib/chibios/os/hal/src/hal_buffers.o
LOAD .build/obj_connect48/lib/chibios/os/hal/src/hal_queues.o
LOAD .build/obj_connect48/lib/chibios/os/hal/src/hal_flash.o
LOAD .build/obj_connect48/lib/chibios/os/hal/src/hal_mmcsd.o
LOAD .build/obj_connect48/lib/chibios/os/hal/src/hal_adc.o
LOAD .build/obj_connect48/lib/chibios/os/hal/src/hal_can.o
LOAD .build/obj_connect48/lib/chibios/os/hal/src/hal_crypto.o
LOAD .build/obj_connect48/lib/chibios/os/hal/src/hal_dac.o
LOAD .build/obj_connect48/lib/chibios/os/hal/src/hal_efl.o
LOAD .build/obj_connect48/lib/chibios/os/hal/src/hal_gpt.o
LOAD .build/obj_connect48/lib/chibios/os/hal/src/hal_i2c.o
LOAD .build/obj_connect48/lib/chibios/os/hal/src/hal_i2s.o
LOAD .build/obj_connect48/lib/chibios/os/hal/src/hal_icu.o
LOAD .build/obj_connect48/lib/chibios/os/hal/src/hal_mac.o
LOAD .build/obj_connect48/lib/chibios/os/hal/src/hal_mmc_spi.o
LOAD .build/obj_connect48/lib/chibios/os/hal/src/hal_pal.o
LOAD .build/obj_connect48/lib/chibios/os/hal/src/hal_pwm.o
LOAD .build/obj_connect48/lib/chibios/os/hal/src/hal_rtc.o
LOAD .build/obj_connect48/lib/chibios/os/hal/src/hal_sdc.o
LOAD .build/obj_connect48/lib/chibios/os/hal/src/hal_serial.o
LOAD .build/obj_connect48/lib/chibios/os/hal/src/hal_serial_usb.o
LOAD .build/obj_connect48/lib/chibios/os/hal/src/hal_sio.o
LOAD .build/obj_connect48/lib/chibios/os/hal/src/hal_spi.o
LOAD .build/obj_connect48/lib/chibios/os/hal/src/hal_trng.o
LOAD .build/obj_connect48/lib/chibios/os/hal/src/hal_uart.o
LOAD .build/obj_connect48/lib/chibios/os/hal/src/hal_usb.o
LOAD .build/obj_connect48/lib/chibios/os/hal/src/hal_wdg.o
LOAD .build/obj_connect48/lib/chibios/os/hal/src/hal_wspi.o
LOAD .build/obj_connect48/lib/chibios/os/hal/ports/common/ARMCMx/nvic.o
LOAD .build/obj_connect48/lib/chibios/os/hal/ports/RP/RP2040/rp_isr.o
LOAD .build/obj_connect48/lib/chibios/os/hal/ports/RP/RP2040/hal_lld.o
LOAD .build/obj_connect48/lib/chibios/os/hal/ports/RP/LLD/DMAv1/rp_dma.o
LOAD .build/obj_connect48/lib/chibios/os/hal/ports/RP/LLD/GPIOv1/hal_pal_lld.o
LOAD .build/obj_connect48/lib/chibios/os/hal/ports/RP/LLD/SPIv1/hal_spi_lld.o
LOAD .build/obj_connect48/lib/chibios/os/hal/ports/RP/LLD/TIMERv1/hal_st_lld.o
LOAD .build/obj_connect48/lib/chibios/os/hal/ports/RP/LLD/UARTv1/hal_sio_lld.o
LOAD .build/obj_connect48/lib/chibios/os/hal/ports/RP/LLD/RTCv1/hal_rtc_lld.o
LOAD .build/obj_connect48/lib/chibios/os/hal/ports/RP/LLD/WDGv1/hal_wdg_lld.o
LOAD .build/obj_connect48/lib/chibios-contrib/os/hal/ports/RP/LLD/I2Cv1/hal_i2c_lld.o
LOAD .build/obj_connect48/lib/chibios-contrib/os/hal/ports/RP/LLD/PWMv1/hal_pwm_lld.o
LOAD .build/obj_connect48/lib/chibios-contrib/os/hal/ports/RP/LLD/ADCv1/hal_adc_lld.o
LOAD .build/obj_connect48/lib/chibios-contrib/os/hal/ports/RP/LLD/USBDv1/hal_usb_lld.o
LOAD .build/obj_connect48/lib/chibios/os/hal/boards/RP_PICO_RP2040/board.o
LOAD .build/obj_connect48/lib/chibios/os/hal/lib/streams/chprintf.o
LOAD .build/obj_connect48/lib/chibios/os/hal/lib/streams/chscanf.o
LOAD .build/obj_connect48/lib/chibios/os/hal/lib/streams/memstreams.o
LOAD .build/obj_connect48/lib/chibios/os/hal/lib/streams/nullstreams.o
LOAD .build/obj_connect48/lib/chibios/os/hal/lib/streams/bufstreams.o
LOAD .build/obj_connect48/lib/chibios/os/various/syscalls.o
LOAD .build/obj_connect48/platforms/chibios/syscall-fallbacks.o
LOAD .build/obj_connect48/platforms/chibios/wait.o
LOAD .build/obj_connect48/platforms/chibios/synchronization_util.o
LOAD .build/obj_connect48/./lib/pico-sdk/src/rp2_common/hardware_clocks/clocks.o
LOAD .build/obj_connect48/./lib/pico-sdk/src/rp2_common/hardware_pll/pll.o
LOAD .build/obj_connect48/./lib/pico-sdk/src/rp2_common/hardware_pio/pio.o
LOAD .build/obj_connect48/./lib/pico-sdk/src/rp2_common/hardware_flash/flash.o
LOAD .build/obj_connect48/./lib/pico-sdk/src/rp2_common/hardware_gpio/gpio.o
LOAD .build/obj_connect48/./lib/pico-sdk/src/rp2_common/hardware_claim/claim.o
LOAD .build/obj_connect48/./lib/pico-sdk/src/rp2_common/hardware_watchdog/watchdog.o
LOAD .build/obj_connect48/./lib/pico-sdk/src/rp2_common/hardware_xosc/xosc.o
LOAD .build/obj_connect48/./lib/pico-sdk/src/rp2_common/pico_bootrom/bootrom.o
LOAD .build/obj_connect48/platforms/chibios/vendors/RP/stage2_bootloaders.o
LOAD .build/obj_connect48/platforms/chibios/vendors/RP/pico_sdk_shims.o
                0x0000000000000800                __process_stack_size__ = 0x800
                0x0000000000000400                __main_stack_size__ = 0x400
LOAD c:/qmk_msys/mingw64/bin/../lib/gcc/arm-none-eabi/12.2.0/../../../../arm-none-eabi/lib/thumb/v6-m/nofp\libm.a
START GROUP
LOAD c:/qmk_msys/mingw64/bin/../lib/gcc/arm-none-eabi/12.2.0/thumb/v6-m/nofp\libgcc.a
LOAD c:/qmk_msys/mingw64/bin/../lib/gcc/arm-none-eabi/12.2.0/../../../../arm-none-eabi/lib/thumb/v6-m/nofp\libg_nano.a
LOAD c:/qmk_msys/mingw64/bin/../lib/gcc/arm-none-eabi/12.2.0/../../../../arm-none-eabi/lib/thumb/v6-m/nofp\libc_nano.a
END GROUP
START GROUP
LOAD c:/qmk_msys/mingw64/bin/../lib/gcc/arm-none-eabi/12.2.0/thumb/v6-m/nofp\libgcc.a
LOAD c:/qmk_msys/mingw64/bin/../lib/gcc/arm-none-eabi/12.2.0/../../../../arm-none-eabi/lib/thumb/v6-m/nofp\libc_nano.a
END GROUP

.flash_begin    0x0000000010000000        0x0
                0x0000000010000000                __flash_binary_start = .

.boot2          0x0000000010000000      0x100
                0x0000000010000000                __boot2_start__ = .
 *(.boot2)
 .boot2         0x0000000010000000      0x100 C:\QMK_MSYS\tmp\ccDHi9pR.ltrans0.ltrans.o
                0x0000000010000000                BOOT2_ROM
                0x0000000010000100                __boot2_end__ = .

.mstack         0x0000000020040000      0x400
                0x0000000020040000                . = ALIGN (0x8)
                0x0000000020040000                __main_stack_base__ = .
                0x0000000020040400                . = (. + __main_stack_size__)
 *fill*         0x0000000020040000      0x400 
                0x0000000020040400                . = ALIGN (0x8)
                0x0000000020040400                __main_stack_end__ = .

.pstack         0x0000000020040400      0x800
                0x0000000020040400                . = ALIGN (0x8)
                0x0000000020040400                __process_stack_base__ = .
                0x0000000020040400                __main_thread_stack_base__ = .
                0x0000000020040c00                . = (. + __process_stack_size__)
 *fill*         0x0000000020040400      0x800 
                0x0000000020040c00                . = ALIGN (0x8)
                0x0000000020040c00                __process_stack_end__ = .
                0x0000000020040c00                __main_thread_stack_end__ = .
                0x0000000000000400                __c1_main_stack_size__ = __main_stack_size__
                0x0000000000000800                __c1_process_stack_size__ = __process_stack_size__

.c1_mstack      0x0000000020041000      0x400
                0x0000000020041000                . = ALIGN (0x8)
                0x0000000020041000                __c1_main_stack_base__ = .
                0x0000000020041400                . = (. + __c1_main_stack_size__)
 *fill*         0x0000000020041000      0x400 
                0x0000000020041400                . = ALIGN (0x8)
                0x0000000020041400                __c1_main_stack_end__ = .

.c1_pstack      0x0000000020041400      0x800
                0x0000000020041400                . = ALIGN (0x8)
                0x0000000020041400                __c1_process_stack_base__ = .
                0x0000000020041400                __c1_main_thread_stack_base__ = .
                0x0000000020041c00                . = (. + __c1_process_stack_size__)
 *fill*         0x0000000020041400      0x800 
                0x0000000020041c00                . = ALIGN (0x8)
                0x0000000020041c00                __c1_process_stack_end__ = .
                0x0000000020041c00                __c1_main_thread_stack_end__ = .

.vectors        0x0000000010000100       0xc0
 *(.vectors)
 .vectors       0x0000000010000100       0xc0 .build/obj_connect48_via_split/./lib/chibios/os/common/startup/ARMCMx/compilers/GCC/vectors.o
                0x0000000010000100                _vectors

.xtors          0x00000000100001c0        0x0
                0x00000000100001c0                __init_array_base__ = .
 *(SORT_BY_NAME(.init_array.*))
 *(.init_array)
                0x00000000100001c0                __init_array_end__ = .
                0x00000000100001c0                __fini_array_base__ = .
 *(.fini_array)
 *(SORT_BY_NAME(.fini_array.*))
                0x00000000100001c0                __fini_array_end__ = .

.text           0x00000000100001c0     0x74f0
                0x00000000100001c0                __text_base__ = .
 *(.text)
 .text          0x00000000100001c0       0xdc .build/obj_connect48_via_split/./lib/chibios/os/common/startup/ARMCMx/compilers/GCC/crt0_v6m.o
                0x00000000100001c0                _crt0_entry
 .text          0x000000001000029c        0x8 .build/obj_connect48_via_split/./lib/chibios/os/common/startup/ARMCMx/compilers/GCC/vectors.o
                0x000000001000029c                Reset_Handler
                0x000000001000029e                Vector9C
                0x000000001000029e                VectorAC
                0x000000001000029e                DebugMon_Handler
                0x000000001000029e                HardFault_Handler
                0x000000001000029e                Vector8C
                0x000000001000029e                SysTick_Handler
                0x000000001000029e                PendSV_Handler
                0x000000001000029e                Vector94
                0x000000001000029e                VectorA8
                0x000000001000029e                VectorB4
                0x000000001000029e                Vector74
                0x000000001000029e                UsageFault_Handler
                0x000000001000029e                VectorBC
                0x000000001000029e                Vector64
                0x000000001000029e                Vector58
                0x000000001000029e                Vector98
                0x000000001000029e                Vector24
                0x000000001000029e                Vector84
                0x000000001000029e                SecureFault_Handler
                0x000000001000029e                MemManage_Handler
                0x000000001000029e                Vector6C
                0x000000001000029e                VectorA0
                0x000000001000029e                SVC_Handler
                0x000000001000029e                VectorB0
                0x000000001000029e                Vector60
                0x000000001000029e                Vector70
                0x000000001000029e                Vector68
                0x000000001000029e                Vector78
                0x000000001000029e                VectorA4
                0x000000001000029e                Vector88
                0x000000001000029e                BusFault_Handler
                0x000000001000029e                Vector50
                0x000000001000029e                Vector28
                0x000000001000029e                VectorB8
                0x000000001000029e                Vector34
                0x000000001000029e                Vector20
                0x00000000100002a2                _unhandled_exception
 .text          0x00000000100002a4       0x48 .build/obj_connect48_via_split/./lib/chibios/os/common/ports/ARMv6-M-RP2/compilers/GCC/chcoreasm.o
                0x00000000100002a4                __port_switch
                0x00000000100002c4                __port_thread_start
                0x00000000100002d6                __port_switch_from_isr
                0x00000000100002da                __port_exit_from_isr
 .text          0x00000000100002ec       0x14 c:/qmk_msys/mingw64/bin/../lib/gcc/arm-none-eabi/12.2.0/thumb/v6-m/nofp\libgcc.a(_thumb1_case_uqi.o)
                0x00000000100002ec                __gnu_thumb1_case_uqi
 .text          0x0000000010000300       0x74 c:/qmk_msys/mingw64/bin/../lib/gcc/arm-none-eabi/12.2.0/thumb/v6-m/nofp\libgcc.a(_arm_cmpsf2.o)
                0x0000000010000300                __aeabi_cfrcmple
                0x0000000010000308                __aeabi_cfcmpeq
                0x0000000010000308                __aeabi_cfcmple
                0x0000000010000318                __aeabi_fcmpeq
                0x0000000010000324                __aeabi_fcmplt
                0x0000000010000338                __aeabi_fcmple
                0x000000001000034c                __aeabi_fcmpgt
                0x0000000010000360                __aeabi_fcmpge
 .text          0x0000000010000374       0x3c c:/qmk_msys/mingw64/bin/../lib/gcc/arm-none-eabi/12.2.0/thumb/v6-m/nofp\libgcc.a(_clzsi2.o)
                0x0000000010000374                __clzsi2
 .text          0x00000000100003b0       0x14 c:/qmk_msys/mingw64/bin/../lib/gcc/arm-none-eabi/12.2.0/thumb/v6-m/nofp\libgcc.a(_thumb1_case_sqi.o)
                0x00000000100003b0                __gnu_thumb1_case_sqi
 .text          0x00000000100003c4       0x14 c:/qmk_msys/mingw64/bin/../lib/gcc/arm-none-eabi/12.2.0/thumb/v6-m/nofp\libgcc.a(_thumb1_case_shi.o)
                0x00000000100003c4                __gnu_thumb1_case_shi
 .text          0x00000000100003d8       0x14 c:/qmk_msys/mingw64/bin/../lib/gcc/arm-none-eabi/12.2.0/thumb/v6-m/nofp\libgcc.a(_thumb1_case_uhi.o)
                0x00000000100003d8                __gnu_thumb1_case_uhi
 .text          0x00000000100003ec       0x40 c:/qmk_msys/mingw64/bin/../lib/gcc/arm-none-eabi/12.2.0/thumb/v6-m/nofp\libgcc.a(_ctzsi2.o)
                0x00000000100003ec                __ctzsi2
 .text          0x000000001000042c       0x40 c:/qmk_msys/mingw64/bin/../lib/gcc/arm-none-eabi/12.2.0/thumb/v6-m/nofp\libgcc.a(_aeabi_uldivmod.o)
                0x000000001000042c                __aeabi_uldivmod
 .text          0x000000001000046c       0x18 c:/qmk_msys/mingw64/bin/../lib/gcc/arm-none-eabi/12.2.0/thumb/v6-m/nofp\libgcc.a(_lshrdi3.o)
                0x000000001000046c                __lshrdi3
                0x000000001000046c                __aeabi_llsr
 .text          0x0000000010000484       0x18 c:/qmk_msys/mingw64/bin/../lib/gcc/arm-none-eabi/12.2.0/thumb/v6-m/nofp\libgcc.a(_ashldi3.o)
                0x0000000010000484                __aeabi_llsl
                0x0000000010000484                __ashldi3
 .text          0x000000001000049c       0x18 c:/qmk_msys/mingw64/bin/../lib/gcc/arm-none-eabi/12.2.0/thumb/v6-m/nofp\libgcc.a(_clzdi2.o)
                0x000000001000049c                __clzdi2
 .text          0x00000000100004b4       0xa4 c:/qmk_msys/mingw64/bin/../lib/gcc/arm-none-eabi/12.2.0/../../../../arm-none-eabi/lib/thumb/v6-m/nofp\libg_nano.a(lib_a-memcpy-stub.o)
                0x00000000100004b4                memcpy
 .text          0x0000000010000558       0xa8 c:/qmk_msys/mingw64/bin/../lib/gcc/arm-none-eabi/12.2.0/../../../../arm-none-eabi/lib/thumb/v6-m/nofp\libg_nano.a(lib_a-memset.o)
                0x0000000010000558                memset
 .text          0x0000000010000600       0x48 c:/qmk_msys/mingw64/bin/../lib/gcc/arm-none-eabi/12.2.0/../../../../arm-none-eabi/lib/thumb/v6-m/nofp\libg_nano.a(lib_a-memcmp.o)
                0x0000000010000600                memcmp
 .text          0x0000000010000648       0x8c c:/qmk_msys/mingw64/bin/../lib/gcc/arm-none-eabi/12.2.0/thumb/v6-m/nofp\libgcc.a(_udivsi3.o)
                0x0000000010000648                __aeabi_uidiv
                0x0000000010000648                __udivsi3
                0x00000000100006c0                __aeabi_uidivmod
 .text          0x00000000100006d4       0xa8 c:/qmk_msys/mingw64/bin/../lib/gcc/arm-none-eabi/12.2.0/thumb/v6-m/nofp\libgcc.a(_divsi3.o)
                0x00000000100006d4                __divsi3
                0x00000000100006d4                __aeabi_idiv
                0x0000000010000768                __aeabi_idivmod
 .text          0x000000001000077c        0x4 c:/qmk_msys/mingw64/bin/../lib/gcc/arm-none-eabi/12.2.0/thumb/v6-m/nofp\libgcc.a(_dvmd_tls.o)
                0x000000001000077c                __aeabi_idiv0
                0x000000001000077c                __aeabi_ldiv0
 *(.text.*)
 .text.update_source_layers_cache
                0x0000000010000780       0x54 C:\QMK_MSYS\tmp\ccDHi9pR.ltrans0.ltrans.o
 .text.read_source_layers_cache
                0x00000000100007d4       0x48 C:\QMK_MSYS\tmp\ccDHi9pR.ltrans0.ltrans.o
 .text.debug_waiting_buffer
                0x000000001000081c       0x20 C:\QMK_MSYS\tmp\ccDHi9pR.ltrans0.ltrans.o
 .text.del_key  0x000000001000083c       0x54 C:\QMK_MSYS\tmp\ccDHi9pR.ltrans0.ltrans.o
 .text.del_mods
                0x0000000010000890       0x10 C:\QMK_MSYS\tmp\ccDHi9pR.ltrans0.ltrans.o
 .text.clear_oneshot_mods
                0x00000000100008a0       0x14 C:\QMK_MSYS\tmp\ccDHi9pR.ltrans0.ltrans.o
 .text.mod_config
                0x00000000100008b4       0xa8 C:\QMK_MSYS\tmp\ccDHi9pR.ltrans0.ltrans.o
 .text.action_for_keycode
                0x000000001000095c      0x298 C:\QMK_MSYS\tmp\ccDHi9pR.ltrans0.ltrans.o
 .text.sendchar
                0x0000000010000bf4        0x4 C:\QMK_MSYS\tmp\ccDHi9pR.ltrans0.ltrans.o
 .text.null_sendchar_func
                0x0000000010000bf8        0x4 C:\QMK_MSYS\tmp\ccDHi9pR.ltrans0.ltrans.o
 .text.port_lock.lto_priv.0
                0x0000000010000bfc       0x16 C:\QMK_MSYS\tmp\ccDHi9pR.ltrans0.ltrans.o
 .text.port_unlock.lto_priv.0
                0x0000000010000c12       0x12 C:\QMK_MSYS\tmp\ccDHi9pR.ltrans0.ltrans.o
 .text.setPinInputHigh_atomic
                0x0000000010000c24       0x34 C:\QMK_MSYS\tmp\ccDHi9pR.ltrans0.ltrans.o
 .text.__idle_thread
                0x0000000010000c58        0x2 C:\QMK_MSYS\tmp\ccDHi9pR.ltrans0.ltrans.o
 *fill*         0x0000000010000c5a        0x2 
 .text.move_unit
                0x0000000010000c5c       0x40 C:\QMK_MSYS\tmp\ccDHi9pR.ltrans0.ltrans.o
 .text.wheel_unit
                0x0000000010000c9c       0x50 C:\QMK_MSYS\tmp\ccDHi9pR.ltrans0.ltrans.o
 .text.mousekey_on
                0x0000000010000cec       0xa8 C:\QMK_MSYS\tmp\ccDHi9pR.ltrans0.ltrans.o
 .text.mousekey_off
                0x0000000010000d94       0xe4 C:\QMK_MSYS\tmp\ccDHi9pR.ltrans0.ltrans.o
 .text.wear_leveling_unlock
                0x0000000010000e78       0x1c C:\QMK_MSYS\tmp\ccDHi9pR.ltrans0.ltrans.o
 .text.wear_leveling_lock
                0x0000000010000e94       0x1c C:\QMK_MSYS\tmp\ccDHi9pR.ltrans0.ltrans.o
 .text.backing_store_read_bulk
                0x0000000010000eb0       0x20 C:\QMK_MSYS\tmp\ccDHi9pR.ltrans0.ltrans.o
 .text.host_system_send
                0x0000000010000ed0       0x24 C:\QMK_MSYS\tmp\ccDHi9pR.ltrans0.ltrans.o
 .text.host_consumer_send
                0x0000000010000ef4       0x24 C:\QMK_MSYS\tmp\ccDHi9pR.ltrans0.ltrans.o
 .text.add_key_to_report
                0x0000000010000f18       0x5c C:\QMK_MSYS\tmp\ccDHi9pR.ltrans0.ltrans.o
 .text.timer_read32
                0x0000000010000f74       0x7c C:\QMK_MSYS\tmp\ccDHi9pR.ltrans0.ltrans.o
 .text.mousekey_send
                0x0000000010000ff0       0x44 C:\QMK_MSYS\tmp\ccDHi9pR.ltrans0.ltrans.o
 .text.usb_get_descriptor_cb
                0x0000000010001034       0x98 C:\QMK_MSYS\tmp\ccDHi9pR.ltrans0.ltrans.o
 .text.set_led_transfer_cb
                0x00000000100010cc       0x2c C:\QMK_MSYS\tmp\ccDHi9pR.ltrans0.ltrans.o
 .text.kbd_in_cb
                0x00000000100010f8        0x2 C:\QMK_MSYS\tmp\ccDHi9pR.ltrans0.ltrans.o
 *fill*         0x00000000100010fa        0x2 
 .text.keyboard_leds
                0x00000000100010fc        0xc C:\QMK_MSYS\tmp\ccDHi9pR.ltrans0.ltrans.o
 .text.shared_in_cb
                0x0000000010001108        0x2 C:\QMK_MSYS\tmp\ccDHi9pR.ltrans0.ltrans.o
 .text.send_programmable_button
                0x000000001000110a        0x2 C:\QMK_MSYS\tmp\ccDHi9pR.ltrans0.ltrans.o
 .text.qmkusbInterruptTransmitted
                0x000000001000110c        0x2 C:\QMK_MSYS\tmp\ccDHi9pR.ltrans0.ltrans.o
 *fill*         0x000000001000110e        0x2 
 .text.chSysHalt
                0x0000000010001110       0x24 C:\QMK_MSYS\tmp\ccDHi9pR.ltrans0.ltrans.o
 .text.chSysPolledDelayX
                0x0000000010001134       0x14 C:\QMK_MSYS\tmp\ccDHi9pR.ltrans0.ltrans.o
 .text.chThdGetSelfX.lto_priv.0
                0x0000000010001148       0x18 C:\QMK_MSYS\tmp\ccDHi9pR.ltrans0.ltrans.o
 .text.ch_sch_prio_insert
                0x0000000010001160       0x1e C:\QMK_MSYS\tmp\ccDHi9pR.ltrans0.ltrans.o
 .text.ibqReleaseEmptyBufferS
                0x000000001000117e       0x28 C:\QMK_MSYS\tmp\ccDHi9pR.ltrans0.ltrans.o
 .text.obqPostFullBufferS
                0x00000000100011a6       0x2a C:\QMK_MSYS\tmp\ccDHi9pR.ltrans0.ltrans.o
 .text.__ctl    0x00000000100011d0        0x4 C:\QMK_MSYS\tmp\ccDHi9pR.ltrans0.ltrans.o
 .text.set_address
                0x00000000100011d4       0x30 C:\QMK_MSYS\tmp\ccDHi9pR.ltrans0.ltrans.o
 .text.hal_lld_peripheral_unreset.lto_priv.0
                0x0000000010001204       0x14 C:\QMK_MSYS\tmp\ccDHi9pR.ltrans0.ltrans.o
 .text.usb_isochronous_buffer_size
                0x0000000010001218       0x44 C:\QMK_MSYS\tmp\ccDHi9pR.ltrans0.ltrans.o
 .text.usb_prepare_out_ep
                0x000000001000125c       0x90 C:\QMK_MSYS\tmp\ccDHi9pR.ltrans0.ltrans.o
 .text.usbStartReceiveI
                0x00000000100012ec       0x42 C:\QMK_MSYS\tmp\ccDHi9pR.ltrans0.ltrans.o
 *fill*         0x000000001000132e        0x2 
 .text.usb_lld_init_endpoint
                0x0000000010001330      0x13c C:\QMK_MSYS\tmp\ccDHi9pR.ltrans0.ltrans.o
 .text.usb_lld_stall_out
                0x000000001000146c       0x40 C:\QMK_MSYS\tmp\ccDHi9pR.ltrans0.ltrans.o
 .text.usb_lld_stall_in
                0x00000000100014ac       0x40 C:\QMK_MSYS\tmp\ccDHi9pR.ltrans0.ltrans.o
 .text.pll_init.constprop.0
                0x00000000100014ec       0x94 C:\QMK_MSYS\tmp\ccDHi9pR.ltrans0.ltrans.o
 .text.usb_lld_reset.constprop.0
                0x0000000010001580       0x54 C:\QMK_MSYS\tmp\ccDHi9pR.ltrans0.ltrans.o
 .text.transaction_handler_master.constprop.0
                0x00000000100015d4       0x48 C:\QMK_MSYS\tmp\ccDHi9pR.ltrans0.ltrans.o
 .text.crc8.constprop.0
                0x000000001000161c       0x2e C:\QMK_MSYS\tmp\ccDHi9pR.ltrans0.ltrans.o
 *fill*         0x000000001000164a        0x2 
 .text.backing_store_erase
                0x000000001000164c       0x20 C:\QMK_MSYS\tmp\ccDHi9pR.ltrans0.ltrans.o
 .text.reset_usb_boot.constprop.0
                0x000000001000166c       0x1c C:\QMK_MSYS\tmp\ccDHi9pR.ltrans0.ltrans.o
 .text.clock_configure.constprop.0.isra.0
                0x0000000010001688       0xd8 C:\QMK_MSYS\tmp\ccDHi9pR.ltrans0.ltrans.o
 .text.clocks_init
                0x0000000010001760       0xdc C:\QMK_MSYS\tmp\ccDHi9pR.ltrans0.ltrans.o
 .text.qmkusb_start_receive.isra.0
                0x000000001000183c       0x3a C:\QMK_MSYS\tmp\ccDHi9pR.ltrans0.ltrans.o
 .text.ibnotify
                0x0000000010001876        0xa C:\QMK_MSYS\tmp\ccDHi9pR.ltrans0.ltrans.o
 .text.usb_event_queue_enqueue.isra.0
                0x0000000010001880       0x28 C:\QMK_MSYS\tmp\ccDHi9pR.ltrans0.ltrans.o
 .text.send_keyboard_report
                0x00000000100018a8       0xb8 C:\QMK_MSYS\tmp\ccDHi9pR.ltrans0.ltrans.o
 .text.unregister_code
                0x0000000010001960       0x64 C:\QMK_MSYS\tmp\ccDHi9pR.ltrans0.ltrans.o
 .text.register_code
                0x00000000100019c4       0xc8 C:\QMK_MSYS\tmp\ccDHi9pR.ltrans0.ltrans.o
 .text.register_mods
                0x0000000010001a8c       0x18 C:\QMK_MSYS\tmp\ccDHi9pR.ltrans0.ltrans.o
 .text.unregister_mods
                0x0000000010001aa4       0x10 C:\QMK_MSYS\tmp\ccDHi9pR.ltrans0.ltrans.o
 .text.clear_keyboard_but_mods_and_keys
                0x0000000010001ab4       0x48 C:\QMK_MSYS\tmp\ccDHi9pR.ltrans0.ltrans.o
 .text.update_tri_layer.constprop.0
                0x0000000010001afc       0x24 C:\QMK_MSYS\tmp\ccDHi9pR.ltrans0.ltrans.o
 .text.layer_on
                0x0000000010001b20       0x18 C:\QMK_MSYS\tmp\ccDHi9pR.ltrans0.ltrans.o
 .text.layer_off
                0x0000000010001b38       0x18 C:\QMK_MSYS\tmp\ccDHi9pR.ltrans0.ltrans.o
 .text.clear_oneshot_layer_state
                0x0000000010001b50       0x3c C:\QMK_MSYS\tmp\ccDHi9pR.ltrans0.ltrans.o
 .text.usb_prepare_in_ep_buffer
                0x0000000010001b8c       0x72 C:\QMK_MSYS\tmp\ccDHi9pR.ltrans0.ltrans.o
 *fill*         0x0000000010001bfe        0x2 
 .text.usb_prepare_in_ep
                0x0000000010001c00       0x88 C:\QMK_MSYS\tmp\ccDHi9pR.ltrans0.ltrans.o
 .text.usbStartTransmitI
                0x0000000010001c88       0x28 C:\QMK_MSYS\tmp\ccDHi9pR.ltrans0.ltrans.o
 .text.obnotify
                0x0000000010001cb0       0x36 C:\QMK_MSYS\tmp\ccDHi9pR.ltrans0.ltrans.o
 .text._usb_ep0in
                0x0000000010001ce6       0xb6 C:\QMK_MSYS\tmp\ccDHi9pR.ltrans0.ltrans.o
 .text._usb_ep0out
                0x0000000010001d9c       0x7e C:\QMK_MSYS\tmp\ccDHi9pR.ltrans0.ltrans.o
 *fill*         0x0000000010001e1a        0x2 
 .text.wear_leveling_read.isra.0
                0x0000000010001e1c       0x20 C:\QMK_MSYS\tmp\ccDHi9pR.ltrans0.ltrans.o
 .text.eeprom_read_byte
                0x0000000010001e3c       0x18 C:\QMK_MSYS\tmp\ccDHi9pR.ltrans0.ltrans.o
 .text.eeconfig_read_keymap
                0x0000000010001e54       0x18 C:\QMK_MSYS\tmp\ccDHi9pR.ltrans0.ltrans.o
 .text.via_eeprom_is_valid
                0x0000000010001e6c       0x28 C:\QMK_MSYS\tmp\ccDHi9pR.ltrans0.ltrans.o
 .text.via_get_layout_options
                0x0000000010001e94        0xa C:\QMK_MSYS\tmp\ccDHi9pR.ltrans0.ltrans.o
 .text.dynamic_keymap_get_keycode
                0x0000000010001e9e       0x3a C:\QMK_MSYS\tmp\ccDHi9pR.ltrans0.ltrans.o
 .text.keymap_key_to_keycode
                0x0000000010001ed8       0x22 C:\QMK_MSYS\tmp\ccDHi9pR.ltrans0.ltrans.o
 *fill*         0x0000000010001efa        0x2 
 .text.layer_switch_get_layer
                0x0000000010001efc       0x50 C:\QMK_MSYS\tmp\ccDHi9pR.ltrans0.ltrans.o
 .text.layer_switch_get_action
                0x0000000010001f4c       0x20 C:\QMK_MSYS\tmp\ccDHi9pR.ltrans0.ltrans.o
 .text.is_tap_record
                0x0000000010001f6c       0x78 C:\QMK_MSYS\tmp\ccDHi9pR.ltrans0.ltrans.o
 .text.get_event_keycode.isra.0
                0x0000000010001fe4       0x30 C:\QMK_MSYS\tmp\ccDHi9pR.ltrans0.ltrans.o
 .text.slave_matrix_handlers_master
                0x0000000010002014       0xbc C:\QMK_MSYS\tmp\ccDHi9pR.ltrans0.ltrans.o
 .text.wear_leveling_clear_cache
                0x00000000100020d0       0x20 C:\QMK_MSYS\tmp\ccDHi9pR.ltrans0.ltrans.o
 .text.wear_leveling_erase.isra.0
                0x00000000100020f0       0x1e C:\QMK_MSYS\tmp\ccDHi9pR.ltrans0.ltrans.o
 *fill*         0x000000001000210e        0x2 
 .text.clear_keys_from_report
                0x0000000010002110       0x28 C:\QMK_MSYS\tmp\ccDHi9pR.ltrans0.ltrans.o
 .text.clear_keyboard
                0x0000000010002138       0x1c C:\QMK_MSYS\tmp\ccDHi9pR.ltrans0.ltrans.o
 .text.usb_sof_cb
                0x0000000010002154       0xb0 C:\QMK_MSYS\tmp\ccDHi9pR.ltrans0.ltrans.o
 .text.usbInitEndpointI
                0x0000000010002204       0x36 C:\QMK_MSYS\tmp\ccDHi9pR.ltrans0.ltrans.o
 *fill*         0x000000001000223a        0x2 
 .text.wear_leveling_consolidate_force
                0x000000001000223c       0xfc C:\QMK_MSYS\tmp\ccDHi9pR.ltrans0.ltrans.o
 .text.wear_leveling_consolidate_if_needed
                0x0000000010002338       0x20 C:\QMK_MSYS\tmp\ccDHi9pR.ltrans0.ltrans.o
 .text.wear_leveling_append_raw
                0x0000000010002358       0x40 C:\QMK_MSYS\tmp\ccDHi9pR.ltrans0.ltrans.o
 .text.wear_leveling_write.isra.0
                0x0000000010002398      0x12c C:\QMK_MSYS\tmp\ccDHi9pR.ltrans0.ltrans.o
 .text.eeprom_update_word
                0x00000000100024c4       0x2a C:\QMK_MSYS\tmp\ccDHi9pR.ltrans0.ltrans.o
 .text.eeprom_update_byte
                0x00000000100024ee       0x1e C:\QMK_MSYS\tmp\ccDHi9pR.ltrans0.ltrans.o
 .text.oneshot_set
                0x000000001000250c       0x38 C:\QMK_MSYS\tmp\ccDHi9pR.ltrans0.ltrans.o
 .text.via_eeprom_set_valid
                0x0000000010002544       0x34 C:\QMK_MSYS\tmp\ccDHi9pR.ltrans0.ltrans.o
 .text.dynamic_keymap_set_keycode
                0x0000000010002578       0x34 C:\QMK_MSYS\tmp\ccDHi9pR.ltrans0.ltrans.o
 .text.dynamic_keymap_reset
                0x00000000100025ac       0x3c C:\QMK_MSYS\tmp\ccDHi9pR.ltrans0.ltrans.o
 .text.dynamic_keymap_macro_reset
                0x00000000100025e8       0x1c C:\QMK_MSYS\tmp\ccDHi9pR.ltrans0.ltrans.o
 .text.eeconfig_init_via
                0x0000000010002604       0x20 C:\QMK_MSYS\tmp\ccDHi9pR.ltrans0.ltrans.o
 .text.eeprom_update_dword.constprop.0
                0x0000000010002624       0x24 C:\QMK_MSYS\tmp\ccDHi9pR.ltrans0.ltrans.o
 .text.eeconfig_init_quantum
                0x0000000010002648       0x9c C:\QMK_MSYS\tmp\ccDHi9pR.ltrans0.ltrans.o
 .text.ch_dlist_insert
                0x00000000100026e4       0x2a C:\QMK_MSYS\tmp\ccDHi9pR.ltrans0.ltrans.o
 *fill*         0x000000001000270e        0x2 
 .text.vt_set_alarm
                0x0000000010002710       0x4c C:\QMK_MSYS\tmp\ccDHi9pR.ltrans0.ltrans.o
 .text.chVTDoResetI
                0x000000001000275c       0x80 C:\QMK_MSYS\tmp\ccDHi9pR.ltrans0.ltrans.o
 .text.vt_insert_first
                0x00000000100027dc       0x78 C:\QMK_MSYS\tmp\ccDHi9pR.ltrans0.ltrans.o
 .text.vt_enqueue
                0x0000000010002854       0x44 C:\QMK_MSYS\tmp\ccDHi9pR.ltrans0.ltrans.o
 .text.chVTSetI.constprop.0
                0x0000000010002898       0x44 C:\QMK_MSYS\tmp\ccDHi9pR.ltrans0.ltrans.o
 .text.usb_request_hook_cb
                0x00000000100028dc      0x1b0 C:\QMK_MSYS\tmp\ccDHi9pR.ltrans0.ltrans.o
 .text.keyboard_idle_timer_cb
                0x0000000010002a8c       0x80 C:\QMK_MSYS\tmp\ccDHi9pR.ltrans0.ltrans.o
 .text.chVTDoTickI
                0x0000000010002b0c       0xd0 C:\QMK_MSYS\tmp\ccDHi9pR.ltrans0.ltrans.o
 .text.__sch_ready_behind.isra.0
                0x0000000010002bdc       0x1c C:\QMK_MSYS\tmp\ccDHi9pR.ltrans0.ltrans.o
 .text.__sch_wakeup
                0x0000000010002bf8       0x42 C:\QMK_MSYS\tmp\ccDHi9pR.ltrans0.ltrans.o
 *fill*         0x0000000010002c3a        0x2 
 .text.chSchReadyI.isra.0
                0x0000000010002c3c       0x2c C:\QMK_MSYS\tmp\ccDHi9pR.ltrans0.ltrans.o
 .text.chEvtBroadcastFlagsI
                0x0000000010002c68       0x4a C:\QMK_MSYS\tmp\ccDHi9pR.ltrans0.ltrans.o
 .text.qmkusbDataTransmitted
                0x0000000010002cb2       0xa6 C:\QMK_MSYS\tmp\ccDHi9pR.ltrans0.ltrans.o
 .text.qmkusbDataReceived
                0x0000000010002d58       0x68 C:\QMK_MSYS\tmp\ccDHi9pR.ltrans0.ltrans.o
 .text.chThdDequeueAllI.constprop.0
                0x0000000010002dc0       0x1e C:\QMK_MSYS\tmp\ccDHi9pR.ltrans0.ltrans.o
 *fill*         0x0000000010002dde        0x2 
 .text.usb_event_cb
                0x0000000010002de0      0x144 C:\QMK_MSYS\tmp\ccDHi9pR.ltrans0.ltrans.o
 .text.chSchGoSleepS
                0x0000000010002f24       0x2c C:\QMK_MSYS\tmp\ccDHi9pR.ltrans0.ltrans.o
 .text.chSchGoSleepTimeoutS
                0x0000000010002f50       0x60 C:\QMK_MSYS\tmp\ccDHi9pR.ltrans0.ltrans.o
 .text.chThdSleep
                0x0000000010002fb0       0x16 C:\QMK_MSYS\tmp\ccDHi9pR.ltrans0.ltrans.o
 *fill*         0x0000000010002fc6        0x2 
 .text.soft_reset_keyboard
                0x0000000010002fc8       0x2c C:\QMK_MSYS\tmp\ccDHi9pR.ltrans0.ltrans.o
 .text.tap_code
                0x0000000010002ff4       0x2e C:\QMK_MSYS\tmp\ccDHi9pR.ltrans0.ltrans.o
 *fill*         0x0000000010003022        0x2 
 .text.perform_space_cadet.constprop.0.isra.0
                0x0000000010003024       0xa0 C:\QMK_MSYS\tmp\ccDHi9pR.ltrans0.ltrans.o
 .text.obqGetEmptyBufferTimeoutS
                0x00000000100030c4       0x4c C:\QMK_MSYS\tmp\ccDHi9pR.ltrans0.ltrans.o
 .text.obqPutTimeout
                0x0000000010003110       0x48 C:\QMK_MSYS\tmp\ccDHi9pR.ltrans0.ltrans.o
 .text._put     0x0000000010003158        0xe C:\QMK_MSYS\tmp\ccDHi9pR.ltrans0.ltrans.o
 .text._putt    0x0000000010003166        0xa C:\QMK_MSYS\tmp\ccDHi9pR.ltrans0.ltrans.o
 .text.obqWriteTimeout
                0x0000000010003170       0x82 C:\QMK_MSYS\tmp\ccDHi9pR.ltrans0.ltrans.o
 .text._write   0x00000000100031f2        0xe C:\QMK_MSYS\tmp\ccDHi9pR.ltrans0.ltrans.o
 .text._writet  0x0000000010003200        0xa C:\QMK_MSYS\tmp\ccDHi9pR.ltrans0.ltrans.o
 .text.ibqGetFullBufferTimeoutS
                0x000000001000320a       0x4c C:\QMK_MSYS\tmp\ccDHi9pR.ltrans0.ltrans.o
 .text.ibqGetTimeout
                0x0000000010003256       0x3a C:\QMK_MSYS\tmp\ccDHi9pR.ltrans0.ltrans.o
 .text._get     0x0000000010003290        0xe C:\QMK_MSYS\tmp\ccDHi9pR.ltrans0.ltrans.o
 .text._gett    0x000000001000329e        0xa C:\QMK_MSYS\tmp\ccDHi9pR.ltrans0.ltrans.o
 .text.ibqReadTimeout
                0x00000000100032a8       0x7e C:\QMK_MSYS\tmp\ccDHi9pR.ltrans0.ltrans.o
 .text._read    0x0000000010003326        0xe C:\QMK_MSYS\tmp\ccDHi9pR.ltrans0.ltrans.o
 .text._readt   0x0000000010003334        0xa C:\QMK_MSYS\tmp\ccDHi9pR.ltrans0.ltrans.o
 .text.shutdown_user
                0x000000001000333e        0x2 C:\QMK_MSYS\tmp\ccDHi9pR.ltrans0.ltrans.o
                0x000000001000333e                __cpu_init
 .text.clock_get_hz
                0x0000000010003340        0xc C:\QMK_MSYS\tmp\ccDHi9pR.ltrans0.ltrans.o
                0x0000000010003340                clock_get_hz
 .text.__late_init
                0x000000001000334c       0x30 C:\QMK_MSYS\tmp\ccDHi9pR.ltrans0.ltrans.o
                0x000000001000334c                __late_init
 .text.__early_init
                0x000000001000337c        0x2 C:\QMK_MSYS\tmp\ccDHi9pR.ltrans0.ltrans.o
                0x000000001000337c                __early_init
 .text.__default_exit
                0x000000001000337e        0x2 C:\QMK_MSYS\tmp\ccDHi9pR.ltrans0.ltrans.o
                0x000000001000337e                __default_exit
 .text.__init_ram_areas
                0x0000000010003380       0x54 C:\QMK_MSYS\tmp\ccDHi9pR.ltrans0.ltrans.o
                0x0000000010003380                __init_ram_areas
 .text.__sch_reschedule_ahead
                0x00000000100033d4       0x44 C:\QMK_MSYS\tmp\ccDHi9pR.ltrans0.ltrans.o
                0x00000000100033d4                chSchDoPreemption
 .text.chSchRescheduleS
                0x0000000010003418       0x28 C:\QMK_MSYS\tmp\ccDHi9pR.ltrans0.ltrans.o
 .text.chThdCreateStatic
                0x0000000010003440       0xa0 C:\QMK_MSYS\tmp\ccDHi9pR.ltrans0.ltrans.o
                0x0000000010003440                chThdCreateStatic
 .text.chThdExit
                0x00000000100034e0       0x16 C:\QMK_MSYS\tmp\ccDHi9pR.ltrans0.ltrans.o
                0x00000000100034e0                chThdExit
 .text.chThdSuspendTimeoutS
                0x00000000100034f6       0x22 C:\QMK_MSYS\tmp\ccDHi9pR.ltrans0.ltrans.o
                0x00000000100034f6                chThdSuspendTimeoutS
 .text.send_keyboard
                0x0000000010003518       0x8c C:\QMK_MSYS\tmp\ccDHi9pR.ltrans0.ltrans.o
 .text.send_mouse
                0x00000000100035a4       0x44 C:\QMK_MSYS\tmp\ccDHi9pR.ltrans0.ltrans.o
 .text.send_extra
                0x00000000100035e8       0x50 C:\QMK_MSYS\tmp\ccDHi9pR.ltrans0.ltrans.o
 .text.send_system
                0x0000000010003638        0xc C:\QMK_MSYS\tmp\ccDHi9pR.ltrans0.ltrans.o
 .text.send_consumer
                0x0000000010003644        0xc C:\QMK_MSYS\tmp\ccDHi9pR.ltrans0.ltrans.o
 .text.sioSynchronizeRX
                0x0000000010003650       0x2c C:\QMK_MSYS\tmp\ccDHi9pR.ltrans0.ltrans.o
 .text.sync_read
                0x000000001000367c       0x5c C:\QMK_MSYS\tmp\ccDHi9pR.ltrans0.ltrans.o
 .text.__read   0x00000000100036d8        0xc C:\QMK_MSYS\tmp\ccDHi9pR.ltrans0.ltrans.o
 .text.__readt  0x00000000100036e4        0x8 C:\QMK_MSYS\tmp\ccDHi9pR.ltrans0.ltrans.o
 .text.__get    0x00000000100036ec       0x26 C:\QMK_MSYS\tmp\ccDHi9pR.ltrans0.ltrans.o
 .text.__gett   0x0000000010003712       0x28 C:\QMK_MSYS\tmp\ccDHi9pR.ltrans0.ltrans.o
 .text.sioSynchronizeTX
                0x000000001000373a       0x2c C:\QMK_MSYS\tmp\ccDHi9pR.ltrans0.ltrans.o
 .text.sync_write
                0x0000000010003766       0x5a C:\QMK_MSYS\tmp\ccDHi9pR.ltrans0.ltrans.o
 .text.__write  0x00000000100037c0        0xc C:\QMK_MSYS\tmp\ccDHi9pR.ltrans0.ltrans.o
 .text.__writet
                0x00000000100037cc        0x8 C:\QMK_MSYS\tmp\ccDHi9pR.ltrans0.ltrans.o
 .text.__put    0x00000000100037d4       0x26 C:\QMK_MSYS\tmp\ccDHi9pR.ltrans0.ltrans.o
 .text.__putt   0x00000000100037fa       0x2a C:\QMK_MSYS\tmp\ccDHi9pR.ltrans0.ltrans.o
 .text.chThdResumeI
                0x0000000010003824       0x16 C:\QMK_MSYS\tmp\ccDHi9pR.ltrans0.ltrans.o
                0x0000000010003824                chThdResumeI
 *fill*         0x000000001000383a        0x2 
 .text._usb_ep0setup
                0x000000001000383c      0x3c0 C:\QMK_MSYS\tmp\ccDHi9pR.ltrans0.ltrans.o
 .text.usbStop.constprop.0
                0x0000000010003bfc       0x70 C:\QMK_MSYS\tmp\ccDHi9pR.ltrans0.ltrans.o
 .text.is_keyboard_master
                0x0000000010003c6c       0x48 C:\QMK_MSYS\tmp\ccDHi9pR.ltrans0.ltrans.o
 .text.sync_timer_handlers_master
                0x0000000010003cb4       0x6c C:\QMK_MSYS\tmp\ccDHi9pR.ltrans0.ltrans.o
 .text.host_keyboard_leds
                0x0000000010003d20       0x1c C:\QMK_MSYS\tmp\ccDHi9pR.ltrans0.ltrans.o
 .text.process_record
                0x0000000010003d3c      0xa70 C:\QMK_MSYS\tmp\ccDHi9pR.ltrans0.ltrans.o
 .text.waiting_buffer_scan_tap
                0x00000000100047ac       0xa8 C:\QMK_MSYS\tmp\ccDHi9pR.ltrans0.ltrans.o
 .text.process_tapping
                0x0000000010004854      0x2b8 C:\QMK_MSYS\tmp\ccDHi9pR.ltrans0.ltrans.o
 .text.action_exec
                0x0000000010004b0c       0xe8 C:\QMK_MSYS\tmp\ccDHi9pR.ltrans0.ltrans.o
 .text.NMI_Handler
                0x0000000010004bf4       0x12 C:\QMK_MSYS\tmp\ccDHi9pR.ltrans0.ltrans.o
                0x0000000010004bf4                NMI_Handler
 *fill*         0x0000000010004c06        0x2 
 .text.__port_irq_epilogue
                0x0000000010004c08       0x4c C:\QMK_MSYS\tmp\ccDHi9pR.ltrans0.ltrans.o
                0x0000000010004c08                __port_irq_epilogue
 .text.Vector7C
                0x0000000010004c54       0x20 C:\QMK_MSYS\tmp\ccDHi9pR.ltrans0.ltrans.o
                0x0000000010004c54                Vector7C
 .text.Vector80
                0x0000000010004c74       0x3c C:\QMK_MSYS\tmp\ccDHi9pR.ltrans0.ltrans.o
                0x0000000010004c74                Vector80
 .text.__port_spinlock_release
                0x0000000010004cb0       0x10 C:\QMK_MSYS\tmp\ccDHi9pR.ltrans0.ltrans.o
                0x0000000010004cb0                __port_spinlock_release
 .text.nvicEnableVector
                0x0000000010004cc0       0x40 C:\QMK_MSYS\tmp\ccDHi9pR.ltrans0.ltrans.o
                0x0000000010004cc0                nvicEnableVector
 .text.usbStart.constprop.0.isra.0
                0x0000000010004d00       0xa8 C:\QMK_MSYS\tmp\ccDHi9pR.ltrans0.ltrans.o
 .text.Vector90
                0x0000000010004da8       0xc8 C:\QMK_MSYS\tmp\ccDHi9pR.ltrans0.ltrans.o
                0x0000000010004da8                Vector90
 .text.Vector40
                0x0000000010004e70       0x24 C:\QMK_MSYS\tmp\ccDHi9pR.ltrans0.ltrans.o
                0x0000000010004e70                Vector40
 .text.Vector44
                0x0000000010004e94       0x24 C:\QMK_MSYS\tmp\ccDHi9pR.ltrans0.ltrans.o
                0x0000000010004e94                Vector44
 .text.Vector48
                0x0000000010004eb8       0x28 C:\QMK_MSYS\tmp\ccDHi9pR.ltrans0.ltrans.o
                0x0000000010004eb8                Vector48
 .text.Vector4C
                0x0000000010004ee0       0x28 C:\QMK_MSYS\tmp\ccDHi9pR.ltrans0.ltrans.o
                0x0000000010004ee0                Vector4C
 .text.Vector54
                0x0000000010004f08      0x2a8 C:\QMK_MSYS\tmp\ccDHi9pR.ltrans0.ltrans.o
                0x0000000010004f08                Vector54
 .text._fini    0x00000000100051b0        0x2 C:\QMK_MSYS\tmp\ccDHi9pR.ltrans0.ltrans.o
                0x00000000100051b0                _fini
 *fill*         0x00000000100051b2        0x2 
 .text.split_shared_memory_lock
                0x00000000100051b4       0x70 C:\QMK_MSYS\tmp\ccDHi9pR.ltrans0.ltrans.o
                0x00000000100051b4                split_shared_memory_lock
 .text.split_shared_memory_unlock
                0x0000000010005224       0x58 C:\QMK_MSYS\tmp\ccDHi9pR.ltrans0.ltrans.o
                0x0000000010005224                split_shared_memory_unlock
 .text.matrix_scan.isra.0
                0x000000001000527c      0x3e8 C:\QMK_MSYS\tmp\ccDHi9pR.ltrans0.ltrans.o
 .text.startup.main
                0x0000000010005664      0xcec C:\QMK_MSYS\tmp\ccDHi9pR.ltrans0.ltrans.o
                0x0000000010005664                main
 .text.pio_claim_unused_sm
                0x0000000010006350       0x80 C:\QMK_MSYS\tmp\ccDHi9pR.ltrans0.ltrans.o
                0x0000000010006350                pio_claim_unused_sm
 .text.pio_add_program
                0x00000000100063d0       0xd0 C:\QMK_MSYS\tmp\ccDHi9pR.ltrans0.ltrans.o
                0x00000000100063d0                pio_add_program
 .text.pio_sm_set_pins_with_mask
                0x00000000100064a0       0x5a C:\QMK_MSYS\tmp\ccDHi9pR.ltrans0.ltrans.o
                0x00000000100064a0                pio_sm_set_pins_with_mask
 *fill*         0x00000000100064fa        0x2 
 .text.pio_sm_set_consecutive_pindirs
                0x00000000100064fc       0x70 C:\QMK_MSYS\tmp\ccDHi9pR.ltrans0.ltrans.o
                0x00000000100064fc                pio_sm_set_consecutive_pindirs
 .text.pio_sm_init
                0x000000001000656c       0x90 C:\QMK_MSYS\tmp\ccDHi9pR.ltrans0.ltrans.o
                0x000000001000656c                pio_sm_init
 .text.SlaveThread
                0x00000000100065fc       0xa8 .build/obj_connect48_via_split/serial_protocol.a(serial_protocol.o)
 .text.soft_serial_target_init
                0x00000000100066a4       0x24 .build/obj_connect48_via_split/serial_protocol.a(serial_protocol.o)
                0x00000000100066a4                soft_serial_target_init
 .text.soft_serial_initiator_init
                0x00000000100066c8        0x8 .build/obj_connect48_via_split/serial_protocol.a(serial_protocol.o)
                0x00000000100066c8                soft_serial_initiator_init
 .text.soft_serial_transaction
                0x00000000100066d0       0x98 .build/obj_connect48_via_split/serial_protocol.a(serial_protocol.o)
                0x00000000100066d0                soft_serial_transaction
 .text.port_lock
                0x0000000010006768       0x16 .build/obj_connect48_via_split/serial_vendor.a(serial_vendor.o)
 .text.port_unlock
                0x000000001000677e       0x12 .build/obj_connect48_via_split/serial_vendor.a(serial_vendor.o)
 .text.sm_config_set_clkdiv
                0x0000000010006790       0x3a .build/obj_connect48_via_split/serial_vendor.a(serial_vendor.o)
 *fill*         0x00000000100067ca        0x2 
 .text.receive_impl
                0x00000000100067cc       0xb0 .build/obj_connect48_via_split/serial_vendor.a(serial_vendor.o)
 .text.Vector5C
                0x000000001000687c       0xa0 .build/obj_connect48_via_split/serial_vendor.a(serial_vendor.o)
                0x000000001000687c                Vector5C
 .text.serial_transport_driver_clear
                0x000000001000691c       0x40 .build/obj_connect48_via_split/serial_vendor.a(serial_vendor.o)
                0x000000001000691c                serial_transport_driver_clear
 .text.hot.serial_transport_send
                0x000000001000695c       0xac .build/obj_connect48_via_split/serial_vendor.a(serial_vendor.o)
                0x000000001000695c                serial_transport_send
 .text.hot.serial_transport_receive
                0x0000000010006a08       0x10 .build/obj_connect48_via_split/serial_vendor.a(serial_vendor.o)
                0x0000000010006a08                serial_transport_receive
 .text.hot.serial_transport_receive_blocking
                0x0000000010006a18        0xc .build/obj_connect48_via_split/serial_vendor.a(serial_vendor.o)
                0x0000000010006a18                serial_transport_receive_blocking
 .text.serial_transport_driver_slave_init
                0x0000000010006a24      0x1f8 .build/obj_connect48_via_split/serial_vendor.a(serial_vendor.o)
                0x0000000010006a24                serial_transport_driver_slave_init
 .text.serial_transport_driver_master_init
                0x0000000010006c1c        0x8 .build/obj_connect48_via_split/serial_vendor.a(serial_vendor.o)
                0x0000000010006c1c                serial_transport_driver_master_init
 .text.__fixunssfsi
                0x0000000010006c24       0x2e c:/qmk_msys/mingw64/bin/../lib/gcc/arm-none-eabi/12.2.0/thumb/v6-m/nofp\libgcc.a(_fixunssfsi.o)
                0x0000000010006c24                __fixunssfsi
                0x0000000010006c24                __aeabi_f2uiz
 *fill*         0x0000000010006c52        0x2 
 .text.__aeabi_fdiv
                0x0000000010006c54      0x1c4 c:/qmk_msys/mingw64/bin/../lib/gcc/arm-none-eabi/12.2.0/thumb/v6-m/nofp\libgcc.a(divsf3.o)
                0x0000000010006c54                __aeabi_fdiv
 .text.__aeabi_fmul
                0x0000000010006e18      0x1ec c:/qmk_msys/mingw64/bin/../lib/gcc/arm-none-eabi/12.2.0/thumb/v6-m/nofp\libgcc.a(mulsf3.o)
                0x0000000010006e18                __aeabi_fmul
 .text.__aeabi_fsub
                0x0000000010007004      0x32c c:/qmk_msys/mingw64/bin/../lib/gcc/arm-none-eabi/12.2.0/thumb/v6-m/nofp\libgcc.a(subsf3.o)
                0x0000000010007004                __aeabi_fsub
 .text.__aeabi_f2iz
                0x0000000010007330       0x3c c:/qmk_msys/mingw64/bin/../lib/gcc/arm-none-eabi/12.2.0/thumb/v6-m/nofp\libgcc.a(fixsfsi.o)
                0x0000000010007330                __aeabi_f2iz
 .text.__aeabi_ui2f
                0x000000001000736c       0x78 c:/qmk_msys/mingw64/bin/../lib/gcc/arm-none-eabi/12.2.0/thumb/v6-m/nofp\libgcc.a(floatunsisf.o)
                0x000000001000736c                __aeabi_ui2f
 .text.__eqsf2  0x00000000100073e4       0x4e c:/qmk_msys/mingw64/bin/../lib/gcc/arm-none-eabi/12.2.0/thumb/v6-m/nofp\libgcc.a(eqsf2.o)
                0x00000000100073e4                __eqsf2
                0x00000000100073e4                __nesf2
 .text.__gesf2  0x0000000010007432       0x9c c:/qmk_msys/mingw64/bin/../lib/gcc/arm-none-eabi/12.2.0/thumb/v6-m/nofp\libgcc.a(gesf2.o)
                0x0000000010007432                __gesf2
                0x0000000010007432                __gtsf2
 .text.__lesf2  0x00000000100074ce       0xa0 c:/qmk_msys/mingw64/bin/../lib/gcc/arm-none-eabi/12.2.0/thumb/v6-m/nofp\libgcc.a(lesf2.o)
                0x00000000100074ce                __ltsf2
                0x00000000100074ce                __lesf2
 .text.__udivmoddi4
                0x000000001000756e       0xde c:/qmk_msys/mingw64/bin/../lib/gcc/arm-none-eabi/12.2.0/thumb/v6-m/nofp\libgcc.a(_udivmoddi4.o)
                0x000000001000756e                __udivmoddi4
 .text.__muldi3
                0x000000001000764c       0x44 c:/qmk_msys/mingw64/bin/../lib/gcc/arm-none-eabi/12.2.0/thumb/v6-m/nofp\libgcc.a(_muldi3.o)
                0x000000001000764c                __muldi3
                0x000000001000764c                __aeabi_lmul
 .text.__muldi3.__stub
                0x0000000010007690       0x20 linker stubs
 *(.glue_7t)
 .glue_7t       0x00000000100076b0        0x0 linker stubs
 *(.glue_7)
 .glue_7        0x00000000100076b0        0x0 linker stubs
 *(.gcc*)
                0x00000000100076b0                __text_end__ = .

.vfp11_veneer   0x00000000100076b0        0x0
 .vfp11_veneer  0x00000000100076b0        0x0 linker stubs

.v4_bx          0x00000000100076b0        0x0
 .v4_bx         0x00000000100076b0        0x0 linker stubs

.iplt           0x00000000100076b0        0x0
 .iplt          0x00000000100076b0        0x0 .build/obj_connect48_via_split/serial_protocol.a(serial_protocol.o)

.rodata         0x00000000100076b0      0xbc4
                0x00000000100076b0                __rodata_base__ = .
 *(.rodata)
 .rodata        0x00000000100076b0      0x101 c:/qmk_msys/mingw64/bin/../lib/gcc/arm-none-eabi/12.2.0/../../../../arm-none-eabi/lib/thumb/v6-m/nofp\libg_nano.a(lib_a-ctype_.o)
                0x00000000100076b0                _ctype_
 *(.rodata.*)
 .rodata.Vector80.str1.1
                0x00000000100077b1        0xd C:\QMK_MSYS\tmp\ccDHi9pR.ltrans0.ltrans.o
 .rodata.pio_claim_unused_sm.str1.1
                0x00000000100077be       0x24 C:\QMK_MSYS\tmp\ccDHi9pR.ltrans0.ltrans.o
 .rodata.pio_add_program.str1.1
                0x00000000100077e2       0x11 C:\QMK_MSYS\tmp\ccDHi9pR.ltrans0.ltrans.o
 .rodata.SharedReport
                0x00000000100077f3       0xb6 C:\QMK_MSYS\tmp\ccDHi9pR.ltrans0.ltrans.o
 .rodata.RawReport
                0x00000000100078a9       0x22 C:\QMK_MSYS\tmp\ccDHi9pR.ltrans0.ltrans.o
 .rodata.KeyboardReport
                0x00000000100078cb       0x40 C:\QMK_MSYS\tmp\ccDHi9pR.ltrans0.ltrans.o
 .rodata.ProductString
                0x000000001000790b       0x16 C:\QMK_MSYS\tmp\ccDHi9pR.ltrans0.ltrans.o
 .rodata.ManufacturerString
                0x0000000010007921       0x10 C:\QMK_MSYS\tmp\ccDHi9pR.ltrans0.ltrans.o
 .rodata.LanguageString
                0x0000000010007931        0x4 C:\QMK_MSYS\tmp\ccDHi9pR.ltrans0.ltrans.o
 *fill*         0x0000000010007935        0x3 
 .rodata.ep0config
                0x0000000010007938       0x1c C:\QMK_MSYS\tmp\ccDHi9pR.ltrans0.ltrans.o
 .rodata.active_status
                0x0000000010007954        0x2 C:\QMK_MSYS\tmp\ccDHi9pR.ltrans0.ltrans.o
 .rodata.halted_status
                0x0000000010007956        0x2 C:\QMK_MSYS\tmp\ccDHi9pR.ltrans0.ltrans.o
 .rodata.zero_status
                0x0000000010007958        0x2 C:\QMK_MSYS\tmp\ccDHi9pR.ltrans0.ltrans.o
 *fill*         0x000000001000795a        0x2 
 .rodata.ram_areas
                0x000000001000795c       0x80 C:\QMK_MSYS\tmp\ccDHi9pR.ltrans0.ltrans.o
 .rodata.shared_ep_config
                0x00000000100079dc       0x1c C:\QMK_MSYS\tmp\ccDHi9pR.ltrans0.ltrans.o
 .rodata.kbd_ep_config
                0x00000000100079f8       0x1c C:\QMK_MSYS\tmp\ccDHi9pR.ltrans0.ltrans.o
 .rodata.ConfigurationDescriptor
                0x0000000010007a14       0x5b C:\QMK_MSYS\tmp\ccDHi9pR.ltrans0.ltrans.o
 .rodata.DeviceDescriptor
                0x0000000010007a6f       0x12 C:\QMK_MSYS\tmp\ccDHi9pR.ltrans0.ltrans.o
 .rodata.CSWTCH.5
                0x0000000010007a81        0x3 C:\QMK_MSYS\tmp\ccDHi9pR.ltrans0.ltrans.o
 .rodata.CSWTCH.4
                0x0000000010007a84        0xc C:\QMK_MSYS\tmp\ccDHi9pR.ltrans0.ltrans.o
 .rodata.CSWTCH.3
                0x0000000010007a90        0xc C:\QMK_MSYS\tmp\ccDHi9pR.ltrans0.ltrans.o
 .rodata.CSWTCH.2
                0x0000000010007a9c        0x3 C:\QMK_MSYS\tmp\ccDHi9pR.ltrans0.ltrans.o
 *fill*         0x0000000010007a9f        0x1 
 .rodata.CSWTCH.1
                0x0000000010007aa0        0xc C:\QMK_MSYS\tmp\ccDHi9pR.ltrans0.ltrans.o
 .rodata.keymaps
                0x0000000010007aac      0x600 C:\QMK_MSYS\tmp\ccDHi9pR.ltrans0.ltrans.o
 .rodata.vmt.lto_priv.1
                0x00000000100080ac       0x28 C:\QMK_MSYS\tmp\ccDHi9pR.ltrans0.ltrans.o
 .rodata.alarm_irqs
                0x00000000100080d4       0x20 C:\QMK_MSYS\tmp\ccDHi9pR.ltrans0.ltrans.o
 .rodata.str1.1
                0x00000000100080f4        0x3 C:\QMK_MSYS\tmp\ccDHi9pR.ltrans0.ltrans.o
 *fill*         0x00000000100080f7        0x1 
 .rodata.ch_core0_cfg
                0x00000000100080f8        0xc C:\QMK_MSYS\tmp\ccDHi9pR.ltrans0.ltrans.o
 .rodata.vmt.lto_priv.0
                0x0000000010008104       0x28 C:\QMK_MSYS\tmp\ccDHi9pR.ltrans0.ltrans.o
 .rodata.row_pins
                0x000000001000812c       0x10 C:\QMK_MSYS\tmp\ccDHi9pR.ltrans0.ltrans.o
 .rodata.col_pins
                0x000000001000813c       0x30 C:\QMK_MSYS\tmp\ccDHi9pR.ltrans0.ltrans.o
 .rodata.usbcfg
                0x000000001000816c       0x10 C:\QMK_MSYS\tmp\ccDHi9pR.ltrans0.ltrans.o
 .rodata.split_shmem
                0x000000001000817c        0x4 C:\QMK_MSYS\tmp\ccDHi9pR.ltrans0.ltrans.o
                0x000000001000817c                split_shmem
 .rodata.CSWTCH.14
                0x0000000010008180       0x2e C:\QMK_MSYS\tmp\ccDHi9pR.ltrans0.ltrans.o
 .rodata.ascii_to_altgr_lut
                0x00000000100081ae       0x10 C:\QMK_MSYS\tmp\ccDHi9pR.ltrans0.ltrans.o
 .rodata.ascii_to_shift_lut
                0x00000000100081be       0x10 C:\QMK_MSYS\tmp\ccDHi9pR.ltrans0.ltrans.o
 .rodata.ascii_to_keycode_lut
                0x00000000100081ce       0x80 C:\QMK_MSYS\tmp\ccDHi9pR.ltrans0.ltrans.o
 .rodata.uart_rx_program
                0x000000001000824e        0x6 .build/obj_connect48_via_split/serial_vendor.a(serial_vendor.o)
 .rodata.uart_rx_program_instructions
                0x0000000010008254       0x12 .build/obj_connect48_via_split/serial_vendor.a(serial_vendor.o)
 .rodata.uart_tx_program
                0x0000000010008266        0x6 .build/obj_connect48_via_split/serial_vendor.a(serial_vendor.o)
 .rodata.uart_tx_program_instructions
                0x000000001000826c        0x8 .build/obj_connect48_via_split/serial_vendor.a(serial_vendor.o)
                0x0000000010008274                . = ALIGN (0x4)
                0x0000000010008274                __rodata_end__ = .

.ARM.extab
 *(.ARM.extab* .gnu.linkonce.armextab.*)

.ARM.exidx      0x0000000010008274        0x8
                0x0000000010008274                __exidx_base__ = .
                0x0000000010008274                __exidx_start = .
 *(.ARM.exidx* .gnu.linkonce.armexidx.*)
 .ARM.exidx.text.__udivmoddi4
                0x0000000010008274        0x8 c:/qmk_msys/mingw64/bin/../lib/gcc/arm-none-eabi/12.2.0/thumb/v6-m/nofp\libgcc.a(_udivmoddi4.o)
                0x000000001000827c                __exidx_end__ = .
                0x000000001000827c                __exidx_end = .

.rel.dyn        0x000000001000827c        0x0
 .rel.iplt      0x000000001000827c        0x0 .build/obj_connect48_via_split/serial_protocol.a(serial_protocol.o)

.eh_frame_hdr
 *(.eh_frame_hdr)

.eh_frame
 *(.eh_frame)

.data           0x0000000020000000      0x418 load address 0x000000001000827c
                [!provide]                        PROVIDE (_textdata = LOADADDR (.data))
                [!provide]                        PROVIDE (_data = .)
                0x000000001000827c                __textdata_base__ = LOADADDR (.data)
                0x0000000020000000                __data_base__ = .
 *(vtable)
 *(.time_critical*)
 .time_critical.flash_enable_xip_via_boot2
                0x0000000020000000       0x18 C:\QMK_MSYS\tmp\ccDHi9pR.ltrans0.ltrans.o
 .time_critical.flash_cs_force
                0x0000000020000018       0x20 C:\QMK_MSYS\tmp\ccDHi9pR.ltrans0.ltrans.o
 .time_critical.flash_was_aborted
                0x0000000020000038       0x10 C:\QMK_MSYS\tmp\ccDHi9pR.ltrans0.ltrans.o
 .time_critical.flash_init_boot2_copyout
                0x0000000020000048       0x30 C:\QMK_MSYS\tmp\ccDHi9pR.ltrans0.ltrans.o
 .time_critical.flash_range_erase
                0x0000000020000078       0x60 C:\QMK_MSYS\tmp\ccDHi9pR.ltrans0.ltrans.o
 .time_critical.flash_put_cmd_addr
                0x00000000200000d8       0x24 C:\QMK_MSYS\tmp\ccDHi9pR.ltrans0.ltrans.o
 .time_critical.flash_put_get
                0x00000000200000fc       0x6e C:\QMK_MSYS\tmp\ccDHi9pR.ltrans0.ltrans.o
 .time_critical._flash_do_cmd
                0x000000002000016a       0x22 C:\QMK_MSYS\tmp\ccDHi9pR.ltrans0.ltrans.o
 .time_critical.flash_wait_ready
                0x000000002000018c       0x22 C:\QMK_MSYS\tmp\ccDHi9pR.ltrans0.ltrans.o
 .time_critical.flash_enable_write
                0x00000000200001ae        0xe C:\QMK_MSYS\tmp\ccDHi9pR.ltrans0.ltrans.o
 .time_critical.pico_program_bulk
                0x00000000200001bc       0x94 C:\QMK_MSYS\tmp\ccDHi9pR.ltrans0.ltrans.o
                0x0000000020000250                . = ALIGN (0x4)
 *(.data)
 *(.data.*)
 .data.SPLIT_SHARED_MEMORY_MUTEX
                0x0000000020000250       0x10 C:\QMK_MSYS\tmp\ccDHi9pR.ltrans0.ltrans.o
 .data.linecoding
                0x0000000020000260        0x7 C:\QMK_MSYS\tmp\ccDHi9pR.ltrans0.ltrans.o
 *fill*         0x0000000020000267        0x1 
 .data.func     0x0000000020000268        0x4 C:\QMK_MSYS\tmp\ccDHi9pR.ltrans0.ltrans.o
 .data.chibios_driver
                0x000000002000026c       0x18 C:\QMK_MSYS\tmp\ccDHi9pR.ltrans0.ltrans.o
 .data.isLeftHand
                0x0000000020000284        0x1 C:\QMK_MSYS\tmp\ccDHi9pR.ltrans0.ltrans.o
 *fill*         0x0000000020000285        0x3 
 .data.drivers  0x0000000020000288      0x160 C:\QMK_MSYS\tmp\ccDHi9pR.ltrans0.ltrans.o
 .data.split_transaction_table
                0x00000000200003e8       0x24 C:\QMK_MSYS\tmp\ccDHi9pR.ltrans0.ltrans.o
                0x00000000200003e8                split_transaction_table
 .data.keyboard_protocol
                0x000000002000040c        0x1 C:\QMK_MSYS\tmp\ccDHi9pR.ltrans0.ltrans.o
 *fill*         0x000000002000040d        0x3 
 .data.tx_state_machine
                0x0000000020000410        0x4 .build/obj_connect48_via_split/serial_vendor.a(serial_vendor.o)
 .data.rx_state_machine
                0x0000000020000414        0x4 .build/obj_connect48_via_split/serial_vendor.a(serial_vendor.o)
 *(.ramtext)
                0x0000000020000418                . = ALIGN (0x4)
                [!provide]                        PROVIDE (_edata = .)
                0x0000000020000418                __data_end__ = .

.igot.plt       0x0000000020000418        0x0 load address 0x0000000010008694
 .igot.plt      0x0000000020000418        0x0 .build/obj_connect48_via_split/serial_protocol.a(serial_protocol.o)

.bss            0x0000000020000418     0x1c00 load address 0x0000000010008694
                0x0000000020000418                __bss_base__ = .
 *(.bss)
 *(.bss.*)
 .bss.ep0_state
                0x0000000020000418       0x40 C:\QMK_MSYS\tmp\ccDHi9pR.ltrans0.ltrans.o
 .bss.shared_ep_state
                0x0000000020000458       0x20 C:\QMK_MSYS\tmp\ccDHi9pR.ltrans0.ltrans.o
 .bss.kbd_ep_state
                0x0000000020000478       0x20 C:\QMK_MSYS\tmp\ccDHi9pR.ltrans0.ltrans.o
 .bss.__compound_literal.1
                0x0000000020000498       0x90 C:\QMK_MSYS\tmp\ccDHi9pR.ltrans0.ltrans.o
 .bss.__compound_literal.0.lto_priv.1
                0x0000000020000528       0x90 C:\QMK_MSYS\tmp\ccDHi9pR.ltrans0.ltrans.o
 .bss.__compound_literal.0.lto_priv.0
                0x00000000200005b8       0x20 C:\QMK_MSYS\tmp\ccDHi9pR.ltrans0.ltrans.o
 .bss.last_sync_timer.0
                0x00000000200005d8        0x4 C:\QMK_MSYS\tmp\ccDHi9pR.ltrans0.ltrans.o
 .bss.connection_check_timer.0
                0x00000000200005dc        0x2 C:\QMK_MSYS\tmp\ccDHi9pR.ltrans0.ltrans.o
 .bss.last_connected.0
                0x00000000200005de        0x1 C:\QMK_MSYS\tmp\ccDHi9pR.ltrans0.ltrans.o
 *fill*         0x00000000200005df        0x1 
 .bss.debouncing_time
                0x00000000200005e0        0x4 C:\QMK_MSYS\tmp\ccDHi9pR.ltrans0.ltrans.o
 .bss.debouncing
                0x00000000200005e4        0x1 C:\QMK_MSYS\tmp\ccDHi9pR.ltrans0.ltrans.o
 *fill*         0x00000000200005e5        0x1 
 .bss.sc_timer  0x00000000200005e6        0x2 C:\QMK_MSYS\tmp\ccDHi9pR.ltrans0.ltrans.o
 .bss.connection_errors
                0x00000000200005e8        0x1 C:\QMK_MSYS\tmp\ccDHi9pR.ltrans0.ltrans.o
 *fill*         0x00000000200005e9        0x3 
 .bss.boot2_copyout
                0x00000000200005ec      0x100 C:\QMK_MSYS\tmp\ccDHi9pR.ltrans0.ltrans.o
 .bss.boot2_copyout_valid
                0x00000000200006ec        0x1 C:\QMK_MSYS\tmp\ccDHi9pR.ltrans0.ltrans.o
 *fill*         0x00000000200006ed        0x3 
 .bss._used_instruction_space
                0x00000000200006f0        0x8 C:\QMK_MSYS\tmp\ccDHi9pR.ltrans0.ltrans.o
 .bss.claimed   0x00000000200006f8        0x1 C:\QMK_MSYS\tmp\ccDHi9pR.ltrans0.ltrans.o
 .bss.report.0  0x00000000200006f9        0x3 C:\QMK_MSYS\tmp\ccDHi9pR.ltrans0.ltrans.o
 .bss.keyboard_idle
                0x00000000200006fc        0x1 C:\QMK_MSYS\tmp\ccDHi9pR.ltrans0.ltrans.o
 .bss.keyboard_report_sent
                0x00000000200006fd       0x20 C:\QMK_MSYS\tmp\ccDHi9pR.ltrans0.ltrans.o
 .bss.keyboard_led_state
                0x000000002000071d        0x1 C:\QMK_MSYS\tmp\ccDHi9pR.ltrans0.ltrans.o
 *fill*         0x000000002000071e        0x2 
 .bss.set_report_buf
                0x0000000020000720        0x2 C:\QMK_MSYS\tmp\ccDHi9pR.ltrans0.ltrans.o
 *fill*         0x0000000020000722        0x2 
 .bss.desc.1    0x0000000020000724        0x8 C:\QMK_MSYS\tmp\ccDHi9pR.ltrans0.ltrans.o
 .bss.last_consumer_report
                0x000000002000072c        0x2 C:\QMK_MSYS\tmp\ccDHi9pR.ltrans0.ltrans.o
 .bss.last_system_report
                0x000000002000072e        0x2 C:\QMK_MSYS\tmp\ccDHi9pR.ltrans0.ltrans.o
 .bss.bulk_write_buffer.0
                0x0000000020000730       0x80 C:\QMK_MSYS\tmp\ccDHi9pR.ltrans0.ltrans.o
 .bss.interrupts
                0x00000000200007b0        0x4 C:\QMK_MSYS\tmp\ccDHi9pR.ltrans0.ltrans.o
 .bss.configured_freq
                0x00000000200007b4       0x28 C:\QMK_MSYS\tmp\ccDHi9pR.ltrans0.ltrans.o
 .bss.SIOD0     0x00000000200007dc       0x20 C:\QMK_MSYS\tmp\ccDHi9pR.ltrans0.ltrans.o
 .bss.st_callbacks
                0x00000000200007fc       0x10 C:\QMK_MSYS\tmp\ccDHi9pR.ltrans0.ltrans.o
 .bss.ch_memcore
                0x000000002000080c        0x8 C:\QMK_MSYS\tmp\ccDHi9pR.ltrans0.ltrans.o
 .bss.ch_system
                0x0000000020000814       0x10 C:\QMK_MSYS\tmp\ccDHi9pR.ltrans0.ltrans.o
 .bss.wear_leveling
                0x0000000020000824     0x1008 C:\QMK_MSYS\tmp\ccDHi9pR.ltrans0.ltrans.o
 .bss.BOOT2_ROM_RAM
                0x000000002000182c      0x100 C:\QMK_MSYS\tmp\ccDHi9pR.ltrans0.ltrans.o
 .bss.keyboard_idle_timer
                0x000000002000192c       0x18 C:\QMK_MSYS\tmp\ccDHi9pR.ltrans0.ltrans.o
 .bss.ms_offset
                0x0000000020001944        0x4 C:\QMK_MSYS\tmp\ccDHi9pR.ltrans0.ltrans.o
 .bss.last_ticks
                0x0000000020001948        0x4 C:\QMK_MSYS\tmp\ccDHi9pR.ltrans0.ltrans.o
 .bss.ticks_offset
                0x000000002000194c        0x4 C:\QMK_MSYS\tmp\ccDHi9pR.ltrans0.ltrans.o
 .bss.raw_matrix
                0x0000000020001950       0x10 C:\QMK_MSYS\tmp\ccDHi9pR.ltrans0.ltrans.o
 .bss.thatHand  0x0000000020001960        0x1 C:\QMK_MSYS\tmp\ccDHi9pR.ltrans0.ltrans.o
 .bss.thisHand  0x0000000020001961        0x1 C:\QMK_MSYS\tmp\ccDHi9pR.ltrans0.ltrans.o
 *fill*         0x0000000020001962        0x2 
 .bss.driver.lto_priv.1
                0x0000000020001964        0x4 C:\QMK_MSYS\tmp\ccDHi9pR.ltrans0.ltrans.o
 .bss.event_queue
                0x0000000020001968       0x10 C:\QMK_MSYS\tmp\ccDHi9pR.ltrans0.ltrans.o
 .bss.event_queue_tail
                0x0000000020001978        0x1 C:\QMK_MSYS\tmp\ccDHi9pR.ltrans0.ltrans.o
 .bss.event_queue_head
                0x0000000020001979        0x1 C:\QMK_MSYS\tmp\ccDHi9pR.ltrans0.ltrans.o
 .bss.last_suspend_state
                0x000000002000197a        0x1 C:\QMK_MSYS\tmp\ccDHi9pR.ltrans0.ltrans.o
 *fill*         0x000000002000197b        0x1 
 .bss.last_tick.0
                0x000000002000197c        0x2 C:\QMK_MSYS\tmp\ccDHi9pR.ltrans0.ltrans.o
 .bss.debug_config
                0x000000002000197e        0x1 C:\QMK_MSYS\tmp\ccDHi9pR.ltrans0.ltrans.o
 *fill*         0x000000002000197f        0x1 
 .bss.matrix_previous.1
                0x0000000020001980       0x10 C:\QMK_MSYS\tmp\ccDHi9pR.ltrans0.ltrans.o
 .bss.last_timer_w
                0x0000000020001990        0x2 C:\QMK_MSYS\tmp\ccDHi9pR.ltrans0.ltrans.o
 .bss.last_timer_c
                0x0000000020001992        0x2 C:\QMK_MSYS\tmp\ccDHi9pR.ltrans0.ltrans.o
 .bss.last_led_status.0
                0x0000000020001994        0x1 C:\QMK_MSYS\tmp\ccDHi9pR.ltrans0.ltrans.o
 *fill*         0x0000000020001995        0x1 
 .bss.matrix    0x0000000020001996       0x10 C:\QMK_MSYS\tmp\ccDHi9pR.ltrans0.ltrans.o
 *fill*         0x00000000200019a6        0x2 
 .bss.sync_timer_ms
                0x00000000200019a8        0x4 C:\QMK_MSYS\tmp\ccDHi9pR.ltrans0.ltrans.o
 .bss.last_update.3
                0x00000000200019ac        0x4 C:\QMK_MSYS\tmp\ccDHi9pR.ltrans0.ltrans.o
 .bss.shared_memory
                0x00000000200019b0       0x10 C:\QMK_MSYS\tmp\ccDHi9pR.ltrans0.ltrans.o
 .bss.last_matrix.1
                0x00000000200019c0        0x8 C:\QMK_MSYS\tmp\ccDHi9pR.ltrans0.ltrans.o
 .bss.last_update.2
                0x00000000200019c8        0x4 C:\QMK_MSYS\tmp\ccDHi9pR.ltrans0.ltrans.o
 .bss.USBD1     0x00000000200019cc       0xe4 C:\QMK_MSYS\tmp\ccDHi9pR.ltrans0.ltrans.o
 .bss.usbstate.1
                0x0000000020001ab0        0x1 C:\QMK_MSYS\tmp\ccDHi9pR.ltrans0.ltrans.o
 *fill*         0x0000000020001ab1        0x3 
 .bss.driver.lto_priv.0
                0x0000000020001ab4        0x4 C:\QMK_MSYS\tmp\ccDHi9pR.ltrans0.ltrans.o
 .bss.last_report.0
                0x0000000020001ab8       0x20 C:\QMK_MSYS\tmp\ccDHi9pR.ltrans0.ltrans.o
 .bss.source_layers_cache
                0x0000000020001ad8       0x24 C:\QMK_MSYS\tmp\ccDHi9pR.ltrans0.ltrans.o
 .bss.mousekey_accel
                0x0000000020001afc        0x1 C:\QMK_MSYS\tmp\ccDHi9pR.ltrans0.ltrans.o
 .bss.mousekey_wheel_repeat
                0x0000000020001afd        0x1 C:\QMK_MSYS\tmp\ccDHi9pR.ltrans0.ltrans.o
 .bss.mousekey_repeat
                0x0000000020001afe        0x1 C:\QMK_MSYS\tmp\ccDHi9pR.ltrans0.ltrans.o
 .bss.mouse_report
                0x0000000020001aff        0x6 C:\QMK_MSYS\tmp\ccDHi9pR.ltrans0.ltrans.o
 .bss.sc_last   0x0000000020001b05        0x1 C:\QMK_MSYS\tmp\ccDHi9pR.ltrans0.ltrans.o
 .bss.grave_esc_was_shifted
                0x0000000020001b06        0x1 C:\QMK_MSYS\tmp\ccDHi9pR.ltrans0.ltrans.o
 .bss.real_mods
                0x0000000020001b07        0x1 C:\QMK_MSYS\tmp\ccDHi9pR.ltrans0.ltrans.o
 .bss.oneshot_mods
                0x0000000020001b08        0x1 C:\QMK_MSYS\tmp\ccDHi9pR.ltrans0.ltrans.o
 .bss.default_layer_state
                0x0000000020001b09        0x1 C:\QMK_MSYS\tmp\ccDHi9pR.ltrans0.ltrans.o
 .bss.layer_state
                0x0000000020001b0a        0x1 C:\QMK_MSYS\tmp\ccDHi9pR.ltrans0.ltrans.o
 .bss.oneshot_layer_data
                0x0000000020001b0b        0x1 C:\QMK_MSYS\tmp\ccDHi9pR.ltrans0.ltrans.o
 .bss.keymap_config
                0x0000000020001b0c        0x2 C:\QMK_MSYS\tmp\ccDHi9pR.ltrans0.ltrans.o
 .bss.weak_mods
                0x0000000020001b0e        0x1 C:\QMK_MSYS\tmp\ccDHi9pR.ltrans0.ltrans.o
 .bss.waiting_buffer_head
                0x0000000020001b0f        0x1 C:\QMK_MSYS\tmp\ccDHi9pR.ltrans0.ltrans.o
 .bss.waiting_buffer_tail
                0x0000000020001b10        0x1 C:\QMK_MSYS\tmp\ccDHi9pR.ltrans0.ltrans.o
 *fill*         0x0000000020001b11        0x1 
 .bss.waiting_buffer
                0x0000000020001b12       0x40 C:\QMK_MSYS\tmp\ccDHi9pR.ltrans0.ltrans.o
 .bss.tapping_key
                0x0000000020001b52        0x8 C:\QMK_MSYS\tmp\ccDHi9pR.ltrans0.ltrans.o
 *fill*         0x0000000020001b5a        0x6 
 .bss.waSlaveThread
                0x0000000020001b60      0x4b0 .build/obj_connect48_via_split/serial_protocol.a(serial_protocol.o)
 .bss.tx_thread
                0x0000000020002010        0x4 .build/obj_connect48_via_split/serial_vendor.a(serial_vendor.o)
                0x0000000020002010                tx_thread
 .bss.rx_thread
                0x0000000020002014        0x4 .build/obj_connect48_via_split/serial_vendor.a(serial_vendor.o)
                0x0000000020002014                rx_thread
 *(COMMON)
                0x0000000020002018                . = ALIGN (0x4)
                0x0000000020002018                __bss_end__ = .
                [!provide]                        PROVIDE (end = .)
                0x0000000020000000                __ram0_base__ = ORIGIN (ram0)
                0x0000000000040000                __ram0_size__ = LENGTH (ram0)
                0x0000000020040000                __ram0_end__ = (__ram0_base__ + __ram0_size__)
                0x0000000000000000                __ram1_base__ = ORIGIN (ram1)
                0x0000000000040000                __ram1_size__ = LENGTH (ram1)
                0x0000000000040000                __ram1_end__ = (__ram1_base__ + __ram1_size__)
                0x0000000000000000                __ram2_base__ = ORIGIN (ram2)
                0x0000000000000000                __ram2_size__ = LENGTH (ram2)
                0x0000000000000000                __ram2_end__ = (__ram2_base__ + __ram2_size__)
                0x0000000000000000                __ram3_base__ = ORIGIN (ram3)
                0x0000000000000000                __ram3_size__ = LENGTH (ram3)
                0x0000000000000000                __ram3_end__ = (__ram3_base__ + __ram3_size__)
                0x0000000020040000                __ram4_base__ = ORIGIN (ram4)
                0x0000000000001000                __ram4_size__ = LENGTH (ram4)
                0x0000000020041000                __ram4_end__ = (__ram4_base__ + __ram4_size__)
                0x0000000020041000                __ram5_base__ = ORIGIN (ram5)
                0x0000000000001000                __ram5_size__ = LENGTH (ram5)
                0x0000000020042000                __ram5_end__ = (__ram5_base__ + __ram5_size__)
                0x0000000000000000                __ram6_base__ = ORIGIN (ram6)
                0x0000000000000000                __ram6_size__ = LENGTH (ram6)
                0x0000000000000000                __ram6_end__ = (__ram6_base__ + __ram6_size__)
                0x0000000020041f00                __ram7_base__ = ORIGIN (ram7)
                0x0000000000000100                __ram7_size__ = LENGTH (ram7)
                0x0000000020042000                __ram7_end__ = (__ram7_base__ + __ram7_size__)
                0x0000000000000000                __flash0_base__ = ORIGIN (flash0)
                0x0000000000004000                __flash0_size__ = LENGTH (flash0)
                0x0000000000004000                __flash0_end__ = (__flash0_base__ + __flash0_size__)
                0x0000000010000000                __flash1_base__ = ORIGIN (flash1)
                0x0000000000200000                __flash1_size__ = LENGTH (flash1)
                0x0000000010200000                __flash1_end__ = (__flash1_base__ + __flash1_size__)
                0x0000000000000000                __flash2_base__ = ORIGIN (flash2)
                0x0000000000000000                __flash2_size__ = LENGTH (flash2)
                0x0000000000000000                __flash2_end__ = (__flash2_base__ + __flash2_size__)
                0x0000000000000000                __flash3_base__ = ORIGIN (flash3)
                0x0000000000000000                __flash3_size__ = LENGTH (flash3)
                0x0000000000000000                __flash3_end__ = (__flash3_base__ + __flash3_size__)
                0x0000000000000000                __flash4_base__ = ORIGIN (flash4)
                0x0000000000000000                __flash4_size__ = LENGTH (flash4)
                0x0000000000000000                __flash4_end__ = (__flash4_base__ + __flash4_size__)
                0x0000000000000000                __flash5_base__ = ORIGIN (flash5)
                0x0000000000000000                __flash5_size__ = LENGTH (flash5)
                0x0000000000000000                __flash5_end__ = (__flash5_base__ + __flash5_size__)
                0x0000000000000000                __flash6_base__ = ORIGIN (flash6)
                0x0000000000000000                __flash6_size__ = LENGTH (flash6)
                0x0000000000000000                __flash6_end__ = (__flash6_base__ + __flash6_size__)
                0x0000000000000000                __flash7_base__ = ORIGIN (flash7)
                0x0000000000000000                __flash7_size__ = LENGTH (flash7)
                0x0000000000000000                __flash7_end__ = (__flash7_base__ + __flash7_size__)

.ram0_init      0x0000000020002018        0x0 load address 0x0000000010008694
                0x0000000010008694                __ram0_init_text__ = LOADADDR (.ram0_init)
                0x0000000020002018                __ram0_init__ = .
 *(.ram0_init)
 *(.ram0_init.*)
                0x0000000020002018                . = ALIGN (0x4)

.ram0           0x0000000020002018        0x4 load address 0x0000000010008694
                0x0000000020002018                __ram0_clear__ = .
 *(.ram0_clear)
 *(.ram0_clear.*)
                0x0000000020002018                . = ALIGN (0x4)
                0x0000000020002018                __ram0_noinit__ = .
 *(.ram0)
 *(.ram0.*)
 .ram0.bootloader_magic
                0x0000000020002018        0x4 C:\QMK_MSYS\tmp\ccDHi9pR.ltrans0.ltrans.o
                0x000000002000201c                . = ALIGN (0x4)
                0x000000002000201c                __ram0_free__ = .

.ram1_init      0x0000000000000000        0x0 load address 0x0000000010008694
                0x0000000010008694                __ram1_init_text__ = LOADADDR (.ram1_init)
                0x0000000000000000                __ram1_init__ = .
 *(.ram1_init)
 *(.ram1_init.*)
                0x0000000000000000                . = ALIGN (0x4)

.ram1           0x0000000000000000        0x0 load address 0x0000000010008694
                0x0000000000000000                __ram1_clear__ = .
 *(.ram1_clear)
 *(.ram1_clear.*)
                0x0000000000000000                . = ALIGN (0x4)
                0x0000000000000000                __ram1_noinit__ = .
 *(.ram1)
 *(.ram1.*)
                0x0000000000000000                . = ALIGN (0x4)
                0x0000000000000000                __ram1_free__ = .

.ram2_init      0x0000000000000000        0x0 load address 0x0000000010008694
                0x0000000010008694                __ram2_init_text__ = LOADADDR (.ram2_init)
                0x0000000000000000                __ram2_init__ = .
 *(.ram2_init)
 *(.ram2_init.*)
                0x0000000000000000                . = ALIGN (0x4)

.ram2           0x0000000000000000        0x0 load address 0x0000000010008694
                0x0000000000000000                __ram2_clear__ = .
 *(.ram2_clear)
 *(.ram2_clear.*)
                0x0000000000000000                . = ALIGN (0x4)
                0x0000000000000000                __ram2_noinit__ = .
 *(.ram2)
 *(.ram2.*)
                0x0000000000000000                . = ALIGN (0x4)
                0x0000000000000000                __ram2_free__ = .

.ram3_init      0x0000000000000000        0x0 load address 0x0000000010008694
                0x0000000010008694                __ram3_init_text__ = LOADADDR (.ram3_init)
                0x0000000000000000                __ram3_init__ = .
 *(.ram3_init)
 *(.ram3_init.*)
                0x0000000000000000                . = ALIGN (0x4)

.ram3           0x0000000000000000        0x0 load address 0x0000000010008694
                0x0000000000000000                __ram3_clear__ = .
 *(.ram3_clear)
 *(.ram3_clear.*)
                0x0000000000000000                . = ALIGN (0x4)
                0x0000000000000000                __ram3_noinit__ = .
 *(.ram3)
 *(.ram3.*)
                0x0000000000000000                . = ALIGN (0x4)
                0x0000000000000000                __ram3_free__ = .

.ram4_init      0x0000000020040c00        0x0 load address 0x0000000010008694
                0x0000000010008694                __ram4_init_text__ = LOADADDR (.ram4_init)
                0x0000000020040c00                __ram4_init__ = .
 *(.ram4_init)
 *(.ram4_init.*)
                0x0000000020040c00                . = ALIGN (0x4)

.ram4           0x0000000020040c00      0x120 load address 0x0000000010008694
                0x0000000020040c00                __ram4_clear__ = .
 *(.ram4_clear)
 *(.ram4_clear.*)
 .ram4_clear.core0
                0x0000000020040c00      0x120 C:\QMK_MSYS\tmp\ccDHi9pR.ltrans0.ltrans.o
                0x0000000020040d20                . = ALIGN (0x4)
                0x0000000020040d20                __ram4_noinit__ = .
 *(.ram4)
 *(.ram4.*)
                0x0000000020040d20                . = ALIGN (0x4)
                0x0000000020040d20                __ram4_free__ = .

.ram5_init      0x0000000020041c00        0x0 load address 0x0000000010008694
                0x0000000010008694                __ram5_init_text__ = LOADADDR (.ram5_init)
                0x0000000020041c00                __ram5_init__ = .
 *(.ram5_init)
 *(.ram5_init.*)
                0x0000000020041c00                . = ALIGN (0x4)

.ram5           0x0000000020041c00        0x0 load address 0x0000000010008694
                0x0000000020041c00                __ram5_clear__ = .
 *(.ram5_clear)
 *(.ram5_clear.*)
                0x0000000020041c00                . = ALIGN (0x4)
                0x0000000020041c00                __ram5_noinit__ = .
 *(.ram5)
 *(.ram5.*)
                0x0000000020041c00                . = ALIGN (0x4)
                0x0000000020041c00                __ram5_free__ = .

.ram6_init      0x0000000000000000        0x0 load address 0x0000000010008694
                0x0000000010008694                __ram6_init_text__ = LOADADDR (.ram6_init)
                0x0000000000000000                __ram6_init__ = .
 *(.ram6_init)
 *(.ram6_init.*)
                0x0000000000000000                . = ALIGN (0x4)

.ram6           0x0000000000000000        0x0 load address 0x0000000010008694
                0x0000000000000000                __ram6_clear__ = .
 *(.ram6_clear)
 *(.ram6_clear.*)
                0x0000000000000000                . = ALIGN (0x4)
                0x0000000000000000                __ram6_noinit__ = .
 *(.ram6)
 *(.ram6.*)
                0x0000000000000000                . = ALIGN (0x4)
                0x0000000000000000                __ram6_free__ = .

.ram7_init      0x0000000020041f00        0x0 load address 0x0000000010008694
                0x0000000010008694                __ram7_init_text__ = LOADADDR (.ram7_init)
                0x0000000020041f00                __ram7_init__ = .
 *(.ram7_init)
 *(.ram7_init.*)
                0x0000000020041f00                . = ALIGN (0x4)

.ram7           0x0000000020041f00        0x0 load address 0x0000000010008694
                0x0000000020041f00                __ram7_clear__ = .
 *(.ram7_clear)
 *(.ram7_clear.*)
                0x0000000020041f00                . = ALIGN (0x4)
                0x0000000020041f00                __ram7_noinit__ = .
 *(.ram7)
 *(.ram7.*)
                0x0000000020041f00                . = ALIGN (0x4)
                0x0000000020041f00                __ram7_free__ = .

.flash0         0x0000000000000000        0x0
                0x0000000000000000                __flash0_init__ = .
 *(.flash0_init)
 *(.flash0_init.*)
                0x0000000000000000                __flash0_free__ = .

.flash1         0x0000000010008694        0x0
                0x0000000010008694                __flash1_init__ = .
 *(.flash1_init)
 *(.flash1_init.*)
                0x0000000010008694                __flash1_free__ = .

.flash2         0x0000000000000000        0x0
                0x0000000000000000                __flash2_init__ = .
 *(.flash2_init)
 *(.flash2_init.*)
                0x0000000000000000                __flash2_free__ = .

.flash3         0x0000000000000000        0x0
                0x0000000000000000                __flash3_init__ = .
 *(.flash3_init)
 *(.flash3_init.*)
                0x0000000000000000                __flash3_free__ = .

.flash4         0x0000000000000000        0x0
                0x0000000000000000                __flash4_init__ = .
 *(.flash4_init)
 *(.flash4_init.*)
                0x0000000000000000                __flash4_free__ = .

.flash5         0x0000000000000000        0x0
                0x0000000000000000                __flash5_init__ = .
 *(.flash5_init)
 *(.flash5_init.*)
                0x0000000000000000                __flash5_free__ = .

.flash6         0x0000000000000000        0x0
                0x0000000000000000                __flash6_init__ = .
 *(.flash6_init)
 *(.flash6_init.*)
                0x0000000000000000                __flash6_free__ = .

.flash7         0x0000000000000000        0x0
                0x0000000000000000                __flash7_init__ = .
 *(.flash7_init)
 *(.flash7_init.*)
                0x0000000000000000                __flash7_free__ = .

.heap           0x000000002000201c    0x3dfe4
                0x0000000020002020                . = ALIGN (0x8)
 *fill*         0x000000002000201c        0x4 
                0x0000000020002020                __heap_base__ = .
                0x0000000020040000                . = (ORIGIN (HEAP_RAM) + LENGTH (HEAP_RAM))
 *fill*         0x0000000020002020    0x3dfe0 